Archive member included because of file (symbol)

contiki-srf06-cc26xx.a(contiki-main.o)
                              obj_srf06-cc26xx/startup_gcc.o (main)
contiki-srf06-cc26xx.a(sensors.o)
                              contiki-srf06-cc26xx.a(contiki-main.o) (sensors_process)
contiki-srf06-cc26xx.a(leds.o)
                              contiki-srf06-cc26xx.a(contiki-main.o) (leds_init)
contiki-srf06-cc26xx.a(leds-arch.o)
                              contiki-srf06-cc26xx.a(leds.o) (leds_arch_init)
contiki-srf06-cc26xx.a(sensortag-senso)
                              contiki-srf06-cc26xx.a(sensors.o) (sensors_flags)
contiki-srf06-cc26xx.a(bmp-280-sensor.)
                              contiki-srf06-cc26xx.a(sensortag-senso) (bmp_280_sensor)
contiki-srf06-cc26xx.a(tmp-007-sensor.)
                              contiki-srf06-cc26xx.a(sensortag-senso) (tmp_007_sensor)
contiki-srf06-cc26xx.a(opt-3001-sensor)
                              contiki-srf06-cc26xx.a(sensortag-senso) (opt_3001_sensor)
contiki-srf06-cc26xx.a(hdc-1000-sensor)
                              contiki-srf06-cc26xx.a(sensortag-senso) (hdc_1000_sensor)
contiki-srf06-cc26xx.a(mpu-9250-sensor)
                              contiki-srf06-cc26xx.a(sensortag-senso) (mpu_9250_sensor)
contiki-srf06-cc26xx.a(button-sensor.o)
                              contiki-srf06-cc26xx.a(sensortag-senso) (button_right_sensor)
contiki-srf06-cc26xx.a(reed-relay.o)
                              contiki-srf06-cc26xx.a(sensortag-senso) (reed_relay_sensor)
contiki-srf06-cc26xx.a(board.o)
                              contiki-srf06-cc26xx.a(contiki-main.o) (board_init)
contiki-srf06-cc26xx.a(board-i2c.o)
                              contiki-srf06-cc26xx.a(hdc-1000-sensor) (board_i2c_write_single)
contiki-srf06-cc26xx.a(clock.o)
                              contiki-srf06-cc26xx.a(contiki-main.o) (clock_init)
contiki-srf06-cc26xx.a(rtimer-arch.o)
                              SKT-Current-brodcast-demo.co (rtimer_arch_now)
contiki-srf06-cc26xx.a(soc-rtc.o)
                              contiki-srf06-cc26xx.a(contiki-main.o) (soc_rtc_init)
contiki-srf06-cc26xx.a(contiki-watchdo)
                              contiki-srf06-cc26xx.a(contiki-main.o) (watchdog_init)
contiki-srf06-cc26xx.a(putchar.o)
                              contiki-srf06-cc26xx.a(contiki-main.o) (putchar)
contiki-srf06-cc26xx.a(ieee-addr.o)
                              contiki-srf06-cc26xx.a(contiki-main.o) (ieee_addr_cpy_to)
contiki-srf06-cc26xx.a(cc26xx-uart.o)
                              contiki-srf06-cc26xx.a(contiki-main.o) (cc26xx_uart_init)
contiki-srf06-cc26xx.a(lpm.o)
                              contiki-srf06-cc26xx.a(contiki-main.o) (lpm_drop)
contiki-srf06-cc26xx.a(gpio-interrupt.)
                              contiki-srf06-cc26xx.a(button-sensor.o) (gpio_interrupt_register_handler)
contiki-srf06-cc26xx.a(oscillators.o)
                              contiki-srf06-cc26xx.a(contiki-main.o) (oscillators_select_lf_xosc)
contiki-srf06-cc26xx.a(ieee-mode.o)
                              contiki-srf06-cc26xx.a(contiki-main.o) (ieee_mode_driver)
contiki-srf06-cc26xx.a(dbg-printf.o)
                              contiki-srf06-cc26xx.a(contiki-main.o) (printf)
contiki-srf06-cc26xx.a(strformat.o)
                              contiki-srf06-cc26xx.a(dbg-printf.o) (format_str_v)
contiki-srf06-cc26xx.a(timer.o)
                              contiki-srf06-cc26xx.a(button-sensor.o) (timer_set)
contiki-srf06-cc26xx.a(rtimer.o)
                              contiki-srf06-cc26xx.a(contiki-main.o) (rtimer_init)
contiki-srf06-cc26xx.a(process.o)
                              contiki-srf06-cc26xx.a(sensors.o) (process_alloc_event)
contiki-srf06-cc26xx.a(etimer.o)
                              contiki-srf06-cc26xx.a(clock.o) (etimer_request_poll)
contiki-srf06-cc26xx.a(ctimer.o)
                              contiki-srf06-cc26xx.a(contiki-main.o) (ctimer_init)
contiki-srf06-cc26xx.a(energest.o)
                              contiki-srf06-cc26xx.a(contiki-main.o) (energest_init)
contiki-srf06-cc26xx.a(autostart.o)
                              contiki-srf06-cc26xx.a(contiki-main.o) (autostart_start)
contiki-srf06-cc26xx.a(serial-line.o)
                              contiki-srf06-cc26xx.a(contiki-main.o) (serial_line_init)
contiki-srf06-cc26xx.a(ringbuf.o)
                              contiki-srf06-cc26xx.a(serial-line.o) (ringbuf_init)
contiki-srf06-cc26xx.a(random.o)
                              contiki-srf06-cc26xx.a(contiki-main.o) (random_init)
contiki-srf06-cc26xx.a(list.o)
                              contiki-srf06-cc26xx.a(lpm.o) (list_init)
contiki-srf06-cc26xx.a(broadcast.o)
                              SKT-Current-brodcast-demo.co (broadcast_open)
contiki-srf06-cc26xx.a(channel.o)
                              contiki-srf06-cc26xx.a(broadcast.o) (channel_set_attributes)
contiki-srf06-cc26xx.a(abc.o)
                              contiki-srf06-cc26xx.a(broadcast.o) (abc_open)
[...]
Memory Configuration

Name             Origin             Length             Attributes
FLASH            0x00000000         0x0001ffa8         xr
FLASH_CCFG       0x0001ffa8         0x00000058         xr
SRAM             0x20000000         0x00005000         xrw
GPRAM            0x11000000         0x00002000         xrw
*default*        0x00000000         0xffffffff

Linker script and memory map

LOAD obj_srf06-cc26xx/fault-handlers.o
LOAD obj_srf06-cc26xx/ccfg.o
LOAD obj_srf06-cc26xx/startup_gcc.o
LOAD SKT-Current-brodcast-demo.co
LOAD obj_srf06-cc26xx/gpiorelay.o
LOAD contiki-srf06-cc26xx.a
LOAD c:/program files (x86)/gnu tools arm embedded/4.9 2015q2/bin/../lib/gcc/arm-none-eabi/4.9.3/../../../../arm-none-eabi/lib/armv7-m\libm.a
START GROUP
LOAD c:/program files (x86)/gnu tools arm embedded/4.9 2015q2/bin/../lib/gcc/arm-none-eabi/4.9.3/armv7-m\libgcc.a
LOAD c:/program files (x86)/gnu tools arm embedded/4.9 2015q2/bin/../lib/gcc/arm-none-eabi/4.9.3/../../../../arm-none-eabi/lib/armv7-m\libc.a
END GROUP
                0x20005000                _estack = (ORIGIN (SRAM) + 0x5000)
                0x00000000                _Min_Heap_Size = 0x0
                0x00000100                _Min_Stack_Size = 0x100

.text           0x00000000     0xa4fc
                0x00000000                _text = .
 *(SORT(.vectors))
 .vectors       0x00000000       0xc8 obj_srf06-cc26xx/startup_gcc.o
                0x00000000                gVectors
 *(SORT(.text*))
 .text.value    0x000000c8       0xb0 contiki-srf06-cc26xx.a(opt-3001-sensor)
 .text.value    0x00000178       0x9c contiki-srf06-cc26xx.a(hdc-1000-sensor)
 *fill*         0x00000214        0x4 00000000
 .text.value    0x00000218      0x1b4 contiki-srf06-cc26xx.a(mpu-9250-sensor)
 *fill*         0x000003cc        0x4 00000000
 .text.__ieee754_pow
                0x000003d0      0xaa0 c:/program files (x86)/gnu tools arm embedded/4.9 2015q2/bin/../lib/gcc/arm-none-eabi/4.9.3/../../../../arm-none-eabi/lib/armv7-m\libm.a(lib_a-e_pow.o)
                0x000003d0                __ieee754_pow
 .text.scalbn   0x00000e70       0xec c:/program files (x86)/gnu tools arm embedded/4.9 2015q2/bin/../lib/gcc/arm-none-eabi/4.9.3/../../../../arm-none-eabi/lib/armv7-m\libm.a(lib_a-s_scalbn.o)
                0x00000e70                scalbn
 .text.FaultISR
                0x00000f5c       0x18 obj_srf06-cc26xx/fault-handlers.o
                0x00000f5c                FaultISR
 .text.NmiSRHandler
                0x00000f74        0x4 obj_srf06-cc26xx/startup_gcc.o
                0x00000f74                NmiSR
 .text.IntDefaultHandler
                0x00000f78        0x4 obj_srf06-cc26xx/startup_gcc.o
                0x00000f78                TRNGIntHandler
                0x00000f78                SSI0IntHandler
                0x00000f78                SWEvent0IntHandler
                0x00000f78                uDMAIntHandler
                0x00000f78                WatchdogIntHandler
                0x00000f78                RFCHardwareIntHandler
                0x00000f78                Timer1BIntHandler
                0x00000f78                I2SIntHandler
                0x00000f78                Timer2BIntHandler
                0x00000f78                Timer2AIntHandler
                0x00000f78                Timer1AIntHandler
                0x00000f78                AONIntHandler
                0x00000f78                AUXSWEvent0IntHandler
                0x00000f78                AUXADCIntHandler
                0x00000f78                PendSVIntHandler
                0x00000f78                AUXSWEvent1IntHandler
                0x00000f78                SVCallIntHandler
                0x00000f78                MPUFaultIntHandler
                0x00000f78                SysTickIntHandler
                0x00000f78                BusFaultIntHandler
                0x00000f78                AONProgIntHandler
                0x00000f78                AUXCompAIntHandler
                0x00000f78                SSI1IntHandler
                0x00000f78                FlashIntHandler
                0x00000f78                uDMAErrIntHandler
                0x00000f78                UsageFaultIntHandler
                0x00000f78                RFCCmdAckIntHandler
                0x00000f78                CryptoIntHandler
                0x00000f78                Timer0AIntHandler
                0x00000f78                I2CIntHandler
                0x00000f78                DebugMonIntHandler
                0x00000f78                Timer0BIntHandler
                0x00000f78                AUXCombEventIntHandler
                0x00000f78                Timer3AIntHandler
                0x00000f78                DynProgIntHandler
                0x00000f78                Timer3BIntHandler
 .text.ResetISR
                0x00000f7c       0x5c obj_srf06-cc26xx/startup_gcc.o
                0x00000f7c                ResetISR
 .text.broadcast_recv
                0x00000fd8        0x8 SKT-Current-brodcast-demo.co
 .text.Get_ADC_reading
                0x00000fe0       0xcc SKT-Current-brodcast-demo.co
 .text.process_thread_cc26xx_demo_process
                0x000010ac       0xc0 SKT-Current-brodcast-demo.co
 .text.rt_callback
                0x0000116c        0x8 SKT-Current-brodcast-demo.co
                0x0000116c                rt_callback
 .text.gpio_relay_init
                0x00001174       0x38 obj_srf06-cc26xx/gpiorelay.o
                0x00001174                gpio_relay_init
 .text.relay_all_clear
                0x000011ac       0x10 obj_srf06-cc26xx/gpiorelay.o
                0x000011ac                relay_all_clear
 .text.sensor_power_set_on
                0x000011bc       0x10 obj_srf06-cc26xx/gpiorelay.o
                0x000011bc                sensor_power_set_on
 .text.adc_ct_select_set_on
                0x000011cc       0x10 obj_srf06-cc26xx/gpiorelay.o
                0x000011cc                adc_ct_select_set_on
 .text.adc_ct_select_set_off
                0x000011dc       0x10 obj_srf06-cc26xx/gpiorelay.o
                0x000011dc                adc_ct_select_set_off
 .text.fade     0x000011ec       0x64 contiki-srf06-cc26xx.a(contiki-main.o)
 .text.startup.main
                0x00001250      0x1c4 contiki-srf06-cc26xx.a(contiki-main.o)
                0x00001250                main
 .text.process_thread_sensors_process
                0x00001414       0xf8 contiki-srf06-cc26xx.a(sensors.o)
 .text.sensors_changed
                0x0000150c       0x50 contiki-srf06-cc26xx.a(sensors.o)
                0x0000150c                sensors_changed
 .text.leds_init
                0x0000155c       0x14 contiki-srf06-cc26xx.a(leds.o)
                0x0000155c                leds_init
 .text.leds_on  0x00001570       0x14 contiki-srf06-cc26xx.a(leds.o)
                0x00001570                leds_on
 .text.leds_off
                0x00001584       0x14 contiki-srf06-cc26xx.a(leds.o)
                0x00001584                leds_off
 .text.leds_toggle
                0x00001598       0x14 contiki-srf06-cc26xx.a(leds.o)
                0x00001598                leds_toggle
 .text.leds_arch_init
                0x000015ac       0x38 contiki-srf06-cc26xx.a(leds-arch.o)
                0x000015ac                leds_arch_init
 .text.leds_arch_set
                0x000015e4       0x34 contiki-srf06-cc26xx.a(leds-arch.o)
                0x000015e4                leds_arch_set
 .text.status   0x00001618       0x14 contiki-srf06-cc26xx.a(bmp-280-sensor.)
 .text.notify_ready
                0x0000162c       0x14 contiki-srf06-cc26xx.a(bmp-280-sensor.)
 .text.enable_sensor
                0x00001640       0x2c contiki-srf06-cc26xx.a(bmp-280-sensor.)
 .text.configure
                0x0000166c       0x94 contiki-srf06-cc26xx.a(bmp-280-sensor.)
 .text.value    0x00001700      0x15c contiki-srf06-cc26xx.a(bmp-280-sensor.)
 .text.status   0x0000185c       0x14 contiki-srf06-cc26xx.a(tmp-007-sensor.)
 .text.notify_ready
                0x00001870       0x14 contiki-srf06-cc26xx.a(tmp-007-sensor.)
 .text.enable_sensor
                0x00001884       0x2c contiki-srf06-cc26xx.a(tmp-007-sensor.)
 .text.configure
                0x000018b0       0x94 contiki-srf06-cc26xx.a(tmp-007-sensor.)
 .text.value    0x00001944       0xec contiki-srf06-cc26xx.a(tmp-007-sensor.)
 .text.status   0x00001a30        0xc contiki-srf06-cc26xx.a(opt-3001-sensor)
 .text.enable_sensor
                0x00001a3c       0x44 contiki-srf06-cc26xx.a(opt-3001-sensor)
 .text.notify_ready
                0x00001a80       0x54 contiki-srf06-cc26xx.a(opt-3001-sensor)
 .text.configure
                0x00001ad4       0x4c contiki-srf06-cc26xx.a(opt-3001-sensor)
 .text.status   0x00001b20       0x14 contiki-srf06-cc26xx.a(hdc-1000-sensor)
 .text.notify_ready
                0x00001b34       0x60 contiki-srf06-cc26xx.a(hdc-1000-sensor)
 .text.configure
                0x00001b94       0xb8 contiki-srf06-cc26xx.a(hdc-1000-sensor)
 .text.acc_convert
                0x00001c4c       0x70 contiki-srf06-cc26xx.a(mpu-9250-sensor)
 .text.status   0x00001cbc       0x14 contiki-srf06-cc26xx.a(mpu-9250-sensor)
 .text.notify_ready
                0x00001cd0       0x14 contiki-srf06-cc26xx.a(mpu-9250-sensor)
 .text.sensor_sleep
                0x00001ce4       0x38 contiki-srf06-cc26xx.a(mpu-9250-sensor)
 .text.configure
                0x00001d1c       0xdc contiki-srf06-cc26xx.a(mpu-9250-sensor)
 .text.int_status
                0x00001df8       0x28 contiki-srf06-cc26xx.a(mpu-9250-sensor)
 .text.initialise
                0x00001e20       0xfc contiki-srf06-cc26xx.a(mpu-9250-sensor)
 .text.status.part.0
                0x00001f1c       0x14 contiki-srf06-cc26xx.a(button-sensor.o)
 .text.value_left
                0x00001f30       0x24 contiki-srf06-cc26xx.a(button-sensor.o)
 .text.value_right
                0x00001f54       0x24 contiki-srf06-cc26xx.a(button-sensor.o)
 .text.status_left
                0x00001f78       0x10 contiki-srf06-cc26xx.a(button-sensor.o)
 .text.status_right
                0x00001f88       0x10 contiki-srf06-cc26xx.a(button-sensor.o)
 .text.config_buttons
                0x00001f98       0x8c contiki-srf06-cc26xx.a(button-sensor.o)
 .text.config_left
                0x00002024        0xc contiki-srf06-cc26xx.a(button-sensor.o)
 .text.config_right
                0x00002030        0xc contiki-srf06-cc26xx.a(button-sensor.o)
 .text.button_press_handler
                0x0000203c       0x98 contiki-srf06-cc26xx.a(button-sensor.o)
 .text.value    0x000020d4       0x10 contiki-srf06-cc26xx.a(reed-relay.o)
 .text.status   0x000020e4       0x20 contiki-srf06-cc26xx.a(reed-relay.o)
 .text.configure
                0x00002104       0x6c contiki-srf06-cc26xx.a(reed-relay.o)
 .text.reed_interrupt_handler
                0x00002170       0x28 contiki-srf06-cc26xx.a(reed-relay.o)
 .text.power_domains_on
                0x00002198       0x20 contiki-srf06-cc26xx.a(board.o)
 .text.lpm_wakeup_handler
                0x000021b8        0x4 contiki-srf06-cc26xx.a(board.o)
 .text.shutdown_handler
                0x000021bc       0x14 contiki-srf06-cc26xx.a(board.o)
 .text.board_init
                0x000021d0      0x324 contiki-srf06-cc26xx.a(board.o)
                0x000021d0                board_init
 .text.i2c_status
                0x000024f4       0x34 contiki-srf06-cc26xx.a(board-i2c.o)
 .text.accessible
                0x00002528       0x24 contiki-srf06-cc26xx.a(board-i2c.o)
 .text.board_i2c_wakeup
                0x0000254c       0x5c contiki-srf06-cc26xx.a(board-i2c.o)
                0x0000254c                board_i2c_wakeup
 .text.board_i2c_write
                0x000025a8       0xc0 contiki-srf06-cc26xx.a(board-i2c.o)
                0x000025a8                board_i2c_write
 .text.board_i2c_write_single
                0x00002668       0x44 contiki-srf06-cc26xx.a(board-i2c.o)
                0x00002668                board_i2c_write_single
 .text.board_i2c_read
                0x000026ac       0xb4 contiki-srf06-cc26xx.a(board-i2c.o)
                0x000026ac                board_i2c_read
 .text.board_i2c_write_read
                0x00002760      0x138 contiki-srf06-cc26xx.a(board-i2c.o)
                0x00002760                board_i2c_write_read
 .text.board_i2c_select
                0x00002898       0xdc contiki-srf06-cc26xx.a(board-i2c.o)
                0x00002898                board_i2c_select
 .text.power_domain_on
                0x00002974       0x20 contiki-srf06-cc26xx.a(clock.o)
 .text.clock_init
                0x00002994       0x90 contiki-srf06-cc26xx.a(clock.o)
                0x00002994                clock_init
 .text.clock_time
                0x00002a24       0x34 contiki-srf06-cc26xx.a(clock.o)
                0x00002a24                clock_time
 .text.clock_update
                0x00002a58       0x3c contiki-srf06-cc26xx.a(clock.o)
                0x00002a58                clock_update
 .text.rtimer_arch_init
                0x00002a94        0x4 contiki-srf06-cc26xx.a(rtimer-arch.o)
                0x00002a94                rtimer_arch_init
 .text.rtimer_arch_schedule
                0x00002a98        0x8 contiki-srf06-cc26xx.a(rtimer-arch.o)
                0x00002a98                rtimer_arch_schedule
 .text.rtimer_arch_now
                0x00002aa0        0x4 contiki-srf06-cc26xx.a(rtimer-arch.o)
                0x00002aa0                rtimer_arch_now
 .text.soc_rtc_init
                0x00002aa4       0x94 contiki-srf06-cc26xx.a(soc-rtc.o)
                0x00002aa4                soc_rtc_init
 .text.soc_rtc_get_next_trigger
                0x00002b38       0x28 contiki-srf06-cc26xx.a(soc-rtc.o)
                0x00002b38                soc_rtc_get_next_trigger
 .text.soc_rtc_schedule_one_shot
                0x00002b60       0x4c contiki-srf06-cc26xx.a(soc-rtc.o)
                0x00002b60                soc_rtc_schedule_one_shot
 .text.soc_rtc_last_isr_time
                0x00002bac        0xc contiki-srf06-cc26xx.a(soc-rtc.o)
                0x00002bac                soc_rtc_last_isr_time
 .text.AONRTCIntHandler
                0x00002bb8       0x68 contiki-srf06-cc26xx.a(soc-rtc.o)
                0x00002bb8                AONRTCIntHandler
 .text.lock_config
                0x00002c20       0x18 contiki-srf06-cc26xx.a(contiki-watchdo)
 .text.unlock_config
                0x00002c38       0x2c contiki-srf06-cc26xx.a(contiki-watchdo)
 .text.watchdog_init
                0x00002c64       0x1c contiki-srf06-cc26xx.a(contiki-watchdo)
                0x00002c64                watchdog_init
 .text.watchdog_start
                0x00002c80       0x30 contiki-srf06-cc26xx.a(contiki-watchdo)
                0x00002c80                watchdog_start
 .text.watchdog_periodic
                0x00002cb0       0x1c contiki-srf06-cc26xx.a(contiki-watchdo)
                0x00002cb0                watchdog_periodic
 .text.putchar  0x00002ccc       0x10 contiki-srf06-cc26xx.a(putchar.o)
                0x00002ccc                putchar
 .text.puts     0x00002cdc       0x30 contiki-srf06-cc26xx.a(putchar.o)
                0x00002cdc                puts
 .text.dbg_send_bytes
                0x00002d0c       0x40 contiki-srf06-cc26xx.a(putchar.o)
                0x00002d0c                dbg_send_bytes
 .text.ieee_addr_cpy_to
                0x00002d4c       0x40 contiki-srf06-cc26xx.a(ieee-addr.o)
                0x00002d4c                ieee_addr_cpy_to
 .text.power_and_clock
                0x00002d8c       0x40 contiki-srf06-cc26xx.a(cc26xx-uart.o)
 .text.enable   0x00002dcc       0xf4 contiki-srf06-cc26xx.a(cc26xx-uart.o)
 .text.accessible
                0x00002ec0       0x24 contiki-srf06-cc26xx.a(cc26xx-uart.o)
 .text.lpm_drop_handler
                0x00002ee4       0xcc contiki-srf06-cc26xx.a(cc26xx-uart.o)
 .text.cc26xx_uart_init
                0x00002fb0       0x28 contiki-srf06-cc26xx.a(cc26xx-uart.o)
                0x00002fb0                cc26xx_uart_init
 .text.cc26xx_uart_write_byte
                0x00002fd8       0x28 contiki-srf06-cc26xx.a(cc26xx-uart.o)
                0x00002fd8                cc26xx_uart_write_byte
 .text.cc26xx_uart_busy
                0x00003000       0x18 contiki-srf06-cc26xx.a(cc26xx-uart.o)
                0x00003000                cc26xx_uart_busy
 .text.UART0IntHandler
                0x00003018       0x54 contiki-srf06-cc26xx.a(cc26xx-uart.o)
                0x00003018                UART0IntHandler
 .text.lpm_drop
                0x0000306c      0x1f4 contiki-srf06-cc26xx.a(lpm.o)
                0x0000306c                lpm_drop
 .text.lpm_sleep
                0x00003260       0x14 contiki-srf06-cc26xx.a(lpm.o)
                0x00003260                lpm_sleep
 .text.lpm_register_module
                0x00003274        0xc contiki-srf06-cc26xx.a(lpm.o)
                0x00003274                lpm_register_module
 .text.lpm_init
                0x00003280       0x20 contiki-srf06-cc26xx.a(lpm.o)
                0x00003280                lpm_init
 .text.lpm_pin_set_default_state
                0x000032a0       0x30 contiki-srf06-cc26xx.a(lpm.o)
                0x000032a0                lpm_pin_set_default_state
 .text.gpio_interrupt_register_handler
                0x000032d0       0x2c contiki-srf06-cc26xx.a(gpio-interrupt.)
                0x000032d0                gpio_interrupt_register_handler
 .text.gpio_interrupt_init
                0x000032fc       0x24 contiki-srf06-cc26xx.a(gpio-interrupt.)
                0x000032fc                gpio_interrupt_init
 .text.GPIOIntHandler
                0x00003320       0x30 contiki-srf06-cc26xx.a(gpio-interrupt.)
                0x00003320                GPIOIntHandler
 .text.osc_interface_dis
                0x00003350       0x28 contiki-srf06-cc26xx.a(oscillators.o)
 .text.osc_interface_en
                0x00003378       0x30 contiki-srf06-cc26xx.a(oscillators.o)
 .text.oscillators_select_lf_xosc
                0x000033a8       0x48 contiki-srf06-cc26xx.a(oscillators.o)
                0x000033a8                oscillators_select_lf_xosc
 .text.oscillators_request_hf_xosc
                0x000033f0       0x24 contiki-srf06-cc26xx.a(oscillators.o)
                0x000033f0                oscillators_request_hf_xosc
 .text.oscillators_switch_to_hf_xosc
                0x00003414       0x28 contiki-srf06-cc26xx.a(oscillators.o)
                0x00003414                oscillators_switch_to_hf_xosc
 .text.oscillators_switch_to_hf_rc
                0x0000343c       0x2c contiki-srf06-cc26xx.a(oscillators.o)
                0x0000343c                oscillators_switch_to_hf_rc
 .text.request  0x00003468       0x20 contiki-srf06-cc26xx.a(ieee-mode.o)
 .text.rx_on    0x00003488       0x60 contiki-srf06-cc26xx.a(ieee-mode.o)
 .text.rf_radio_setup
                0x000034e8       0x74 contiki-srf06-cc26xx.a(ieee-mode.o)
 .text.soft_on  0x0000355c       0x18 contiki-srf06-cc26xx.a(ieee-mode.o)
 .text.pending_packet
                0x00003574       0x34 contiki-srf06-cc26xx.a(ieee-mode.o)
 .text.prepare  0x000035a8       0x1c contiki-srf06-cc26xx.a(ieee-mode.o)
 .text.read_frame
                0x000035c4       0x58 contiki-srf06-cc26xx.a(ieee-mode.o)
 .text.soft_off
                0x0000361c       0x3c contiki-srf06-cc26xx.a(ieee-mode.o)
 .text.get_object
                0x00003658       0x30 contiki-srf06-cc26xx.a(ieee-mode.o)
 .text.transmitting
                0x00003688       0x4c contiki-srf06-cc26xx.a(ieee-mode.o)
 .text.rx_off   0x000036d4       0x5c contiki-srf06-cc26xx.a(ieee-mode.o)
 .text.get_cca_info
                0x00003730       0x44 contiki-srf06-cc26xx.a(ieee-mode.o)
 .text.off      0x00003774       0x4c contiki-srf06-cc26xx.a(ieee-mode.o)
 .text.receiving_packet
                0x000037c0       0x40 contiki-srf06-cc26xx.a(ieee-mode.o)
 .text.on       0x00003800       0x9c contiki-srf06-cc26xx.a(ieee-mode.o)
 .text.set_value
                0x0000389c      0x154 contiki-srf06-cc26xx.a(ieee-mode.o)
 .text.get_value
                0x000039f0      0x138 contiki-srf06-cc26xx.a(ieee-mode.o)
 .text.transmit
                0x00003b28       0xb0 contiki-srf06-cc26xx.a(ieee-mode.o)
 .text.send     0x00003bd8       0x24 contiki-srf06-cc26xx.a(ieee-mode.o)
 .text.set_object
                0x00003bfc       0x68 contiki-srf06-cc26xx.a(ieee-mode.o)
 .text.channel_clear
                0x00003c64       0x68 contiki-srf06-cc26xx.a(ieee-mode.o)
 .text.init     0x00003ccc       0xe0 contiki-srf06-cc26xx.a(ieee-mode.o)
 .text.write_str
                0x00003dac       0x14 contiki-srf06-cc26xx.a(dbg-printf.o)
 .text.printf   0x00003dc0       0x24 contiki-srf06-cc26xx.a(dbg-printf.o)
                0x00003dc0                printf
 .text.fill_space
                0x00003de4       0x3c contiki-srf06-cc26xx.a(strformat.o)
 .text.format_str_v
                0x00003e20      0x95c contiki-srf06-cc26xx.a(strformat.o)
                0x00003e20                format_str_v
 .text.timer_set
                0x0000477c       0x10 contiki-srf06-cc26xx.a(timer.o)
                0x0000477c                timer_set
 .text.timer_expired
                0x0000478c       0x1c contiki-srf06-cc26xx.a(timer.o)
                0x0000478c                timer_expired
 .text.rtimer_init
                0x000047a8        0x4 contiki-srf06-cc26xx.a(rtimer.o)
                0x000047a8                rtimer_init
 .text.rtimer_set
                0x000047ac       0x2c contiki-srf06-cc26xx.a(rtimer.o)
                0x000047ac                rtimer_set
 .text.rtimer_run_next
                0x000047d8       0x28 contiki-srf06-cc26xx.a(rtimer.o)
                0x000047d8                rtimer_run_next
 .text.exit_process
                0x00004800       0xb0 contiki-srf06-cc26xx.a(process.o)
 .text.call_process.part.0
                0x000048b0       0x38 contiki-srf06-cc26xx.a(process.o)
 .text.do_poll  0x000048e8       0x3c contiki-srf06-cc26xx.a(process.o)
 .text.process_alloc_event
                0x00004924       0x10 contiki-srf06-cc26xx.a(process.o)
                0x00004924                process_alloc_event
 .text.process_init
                0x00004934       0x34 contiki-srf06-cc26xx.a(process.o)
                0x00004934                process_init
 .text.process_run
                0x00004968       0xd8 contiki-srf06-cc26xx.a(process.o)
                0x00004968                process_run
 .text.process_nevents
                0x00004a40       0x14 contiki-srf06-cc26xx.a(process.o)
                0x00004a40                process_nevents
 .text.process_post
                0x00004a54       0x50 contiki-srf06-cc26xx.a(process.o)
                0x00004a54                process_post
 .text.process_post_synch
                0x00004aa4       0x18 contiki-srf06-cc26xx.a(process.o)
                0x00004aa4                process_post_synch
 .text.process_start
                0x00004abc       0x40 contiki-srf06-cc26xx.a(process.o)
                0x00004abc                process_start
 .text.process_poll
                0x00004afc       0x18 contiki-srf06-cc26xx.a(process.o)
                0x00004afc                process_poll
 .text.update_time
                0x00004b14       0x44 contiki-srf06-cc26xx.a(etimer.o)
 .text.process_thread_etimer_process
                0x00004b58       0xc8 contiki-srf06-cc26xx.a(etimer.o)
 .text.add_timer
                0x00004c20       0x54 contiki-srf06-cc26xx.a(etimer.o)
 .text.etimer_request_poll
                0x00004c74        0xc contiki-srf06-cc26xx.a(etimer.o)
                0x00004c74                etimer_request_poll
 .text.etimer_set
                0x00004c80       0x14 contiki-srf06-cc26xx.a(etimer.o)
                0x00004c80                etimer_set
 .text.etimer_pending
                0x00004c94       0x10 contiki-srf06-cc26xx.a(etimer.o)
                0x00004c94                etimer_pending
 .text.etimer_next_expiration_time
                0x00004ca4       0x14 contiki-srf06-cc26xx.a(etimer.o)
                0x00004ca4                etimer_next_expiration_time
 .text.etimer_stop
                0x00004cb8       0x4c contiki-srf06-cc26xx.a(etimer.o)
                0x00004cb8                etimer_stop
 .text.process_thread_ctimer_process
                0x00004d04       0x94 contiki-srf06-cc26xx.a(ctimer.o)
 .text.ctimer_init
                0x00004d98       0x28 contiki-srf06-cc26xx.a(ctimer.o)
                0x00004d98                ctimer_init
 .text.ctimer_set_with_process
                0x00004dc0       0x4c contiki-srf06-cc26xx.a(ctimer.o)
                0x00004dc0                ctimer_set_with_process
 .text.ctimer_set
                0x00004e0c       0x18 contiki-srf06-cc26xx.a(ctimer.o)
                0x00004e0c                ctimer_set
 .text.ctimer_stop
                0x00004e24       0x34 contiki-srf06-cc26xx.a(ctimer.o)
                0x00004e24                ctimer_stop
 .text.energest_init
                0x00004e58        0x4 contiki-srf06-cc26xx.a(energest.o)
                0x00004e58                energest_init
 .text.autostart_start
                0x00004e5c       0x18 contiki-srf06-cc26xx.a(autostart.o)
                0x00004e5c                autostart_start
 .text.process_thread_serial_line_process
                0x00004e74       0xac contiki-srf06-cc26xx.a(serial-line.o)
 .text.serial_line_init
                0x00004f20       0x24 contiki-srf06-cc26xx.a(serial-line.o)
                0x00004f20                serial_line_init
 .text.ringbuf_init
                0x00004f44       0x10 contiki-srf06-cc26xx.a(ringbuf.o)
                0x00004f44                ringbuf_init
 .text.ringbuf_get
                0x00004f54       0x28 contiki-srf06-cc26xx.a(ringbuf.o)
                0x00004f54                ringbuf_get
 .text.random_init
                0x00004f7c        0x4 contiki-srf06-cc26xx.a(random.o)
                0x00004f7c                random_init
 .text.random_rand
                0x00004f80        0xc contiki-srf06-cc26xx.a(random.o)
                0x00004f80                random_rand
 .text.list_init
                0x00004f8c        0x8 contiki-srf06-cc26xx.a(list.o)
                0x00004f8c                list_init
 .text.list_head
                0x00004f94        0x4 contiki-srf06-cc26xx.a(list.o)
                0x00004f94                list_head
 .text.list_add
                0x00004f98       0x48 contiki-srf06-cc26xx.a(list.o)
                0x00004f98                list_add
 .text.list_push
                0x00004fe0       0x40 contiki-srf06-cc26xx.a(list.o)
                0x00004fe0                list_push
 .text.list_remove
                0x00005020       0x2c contiki-srf06-cc26xx.a(list.o)
                0x00005020                list_remove
 .text.list_length
                0x0000504c       0x14 contiki-srf06-cc26xx.a(list.o)
                0x0000504c                list_length
 .text.list_item_next
                0x00005060        0x8 contiki-srf06-cc26xx.a(list.o)
                0x00005060                list_item_next
 .text.sent_by_abc
                0x00005068        0xc contiki-srf06-cc26xx.a(broadcast.o)
 .text.recv_from_abc
                0x00005074       0x24 contiki-srf06-cc26xx.a(broadcast.o)
 .text.broadcast_open
                0x00005098       0x24 contiki-srf06-cc26xx.a(broadcast.o)
                0x00005098                broadcast_open
 .text.broadcast_close
                0x000050bc        0x4 contiki-srf06-cc26xx.a(broadcast.o)
                0x000050bc                broadcast_close
 .text.broadcast_send
                0x000050c0       0x1c contiki-srf06-cc26xx.a(broadcast.o)
                0x000050c0                broadcast_send
 .text.channel_init
                0x000050dc        0xc contiki-srf06-cc26xx.a(channel.o)
                0x000050dc                channel_init
 .text.channel_open
                0x000050e8       0x10 contiki-srf06-cc26xx.a(channel.o)
                0x000050e8                channel_open
 .text.channel_close
                0x000050f8        0xc contiki-srf06-cc26xx.a(channel.o)
                0x000050f8                channel_close
 .text.channel_lookup
                0x00005104       0x30 contiki-srf06-cc26xx.a(channel.o)
                0x00005104                channel_lookup
 .text.channel_set_attributes
                0x00005134       0x18 contiki-srf06-cc26xx.a(channel.o)
                0x00005134                channel_set_attributes
 .text.abc_open
                0x0000514c       0x20 contiki-srf06-cc26xx.a(abc.o)
                0x0000514c                abc_open
 .text.abc_close
                0x0000516c        0x4 contiki-srf06-cc26xx.a(abc.o)
                0x0000516c                abc_close
 .text.abc_send
                0x00005170        0x4 contiki-srf06-cc26xx.a(abc.o)
                0x00005170                abc_send
 .text.abc_input
                0x00005174        0xc contiki-srf06-cc26xx.a(abc.o)
                0x00005174                abc_input
 .text.abc_sent
                0x00005180        0xc contiki-srf06-cc26xx.a(abc.o)
                0x00005180                abc_sent
 .text.packet_sent
                0x0000518c       0x38 contiki-srf06-cc26xx.a(rime.o)
 .text.input    0x000051c4       0x38 contiki-srf06-cc26xx.a(rime.o)
 .text.init     0x000051fc       0x28 contiki-srf06-cc26xx.a(rime.o)
 .text.rime_output
                0x00005224       0x24 contiki-srf06-cc26xx.a(rime.o)
                0x00005224                rime_output
 .text.NOROM_OSCClockSourceSet
                0x00005248       0x50 contiki-srf06-cc26xx.a(osc.o)
                0x00005248                NOROM_OSCClockSourceSet
 .text.NOROM_OSCClockSourceGet
                0x00005298       0x24 contiki-srf06-cc26xx.a(osc.o)
                0x00005298                NOROM_OSCClockSourceGet
 .text.NOROM_OSCInterfaceEnable
                0x000052bc       0x34 contiki-srf06-cc26xx.a(osc.o)
                0x000052bc                NOROM_OSCInterfaceEnable
 .text.NOROM_AONRTCCurrentCompareValueGet
                0x000052f0       0x24 contiki-srf06-cc26xx.a(aon_rtc.o)
                0x000052f0                NOROM_AONRTCCurrentCompareValueGet
 .text.AONBatMonTemperatureGetDegC
                0x00005314       0x30 contiki-srf06-cc26xx.a(aon_batmon.o)
                0x00005314                AONBatMonTemperatureGetDegC
 .text.NOROM_PowerCtrlSourceSet
                0x00005344       0x30 contiki-srf06-cc26xx.a(pwr_ctrl.o)
                0x00005344                NOROM_PowerCtrlSourceSet
 .text.NOROM_CPUcpsid
                0x00005374        0x8 contiki-srf06-cc26xx.a(cpu.o)
                0x00005374                NOROM_CPUcpsid
 .text.NOROM_CPUcpsie
                0x0000537c        0x8 contiki-srf06-cc26xx.a(cpu.o)
                0x0000537c                NOROM_CPUcpsie
 .text.NOROM_CPUdelay
                0x00005384        0x8 contiki-srf06-cc26xx.a(cpu.o)
                0x00005384                NOROM_CPUdelay
 .text.SysCtrlSetRechargeBeforePowerDown
                0x0000538c      0x1e8 contiki-srf06-cc26xx.a(sys_ctrl.o)
                0x0000538c                SysCtrlSetRechargeBeforePowerDown
 .text.SysCtrlAdjustRechargeAfterPowerDown
                0x00005574       0x64 contiki-srf06-cc26xx.a(sys_ctrl.o)
                0x00005574                SysCtrlAdjustRechargeAfterPowerDown
 .text.SysCtrl_DCDC_VoltageConditionalControl
                0x000055d8       0x78 contiki-srf06-cc26xx.a(sys_ctrl.o)
                0x000055d8                SysCtrl_DCDC_VoltageConditionalControl
 .text.NOROM_DDI16BitfieldWrite
                0x00005650       0x4c contiki-srf06-cc26xx.a(ddi.o)
                0x00005650                NOROM_DDI16BitfieldWrite
 .text.NOROM_DDI16BitfieldRead
                0x0000569c       0x48 contiki-srf06-cc26xx.a(ddi.o)
                0x0000569c                NOROM_DDI16BitfieldRead
 .text.NOROM_AUXADCDisable
                0x000056e4       0x80 contiki-srf06-cc26xx.a(aux_adc.o)
                0x000056e4                NOROM_AUXADCDisable
 .text.NOROM_AUXADCEnableSync
                0x00005764       0xbc contiki-srf06-cc26xx.a(aux_adc.o)
                0x00005764                NOROM_AUXADCEnableSync
 .text.NOROM_AUXADCReadFifo
                0x00005820       0x18 contiki-srf06-cc26xx.a(aux_adc.o)
                0x00005820                NOROM_AUXADCReadFifo
 .text.SafeHapiAuxAdiSelect
                0x00005838       0x30 contiki-srf06-cc26xx.a(adi.o)
                0x00005838                SafeHapiAuxAdiSelect
 .text.HapiTrimDeviceShutDown
                0x00005868      0x4f4 contiki-srf06-cc26xx.a(setup.o)
 .text.trimDevice
                0x00005d5c       0xfc contiki-srf06-cc26xx.a(setup.o)
                0x00005d5c                trimDevice
 .text.linkaddr_copy
                0x00005e58        0x8 contiki-srf06-cc26xx.a(linkaddr.o)
                0x00005e58                linkaddr_copy
 .text.linkaddr_cmp
                0x00005e60       0x10 contiki-srf06-cc26xx.a(linkaddr.o)
                0x00005e60                linkaddr_cmp
 .text.netstack_init
                0x00005e70       0x30 contiki-srf06-cc26xx.a(netstack.o)
                0x00005e70                netstack_init
 .text.packetbuf_compact
                0x00005ea0       0x38 contiki-srf06-cc26xx.a(packetbuf.o)
                0x00005ea0                packetbuf_compact
 .text.packetbuf_copyto
                0x00005ed8       0x50 contiki-srf06-cc26xx.a(packetbuf.o)
                0x00005ed8                packetbuf_copyto
 .text.packetbuf_hdralloc
                0x00005f28       0x48 contiki-srf06-cc26xx.a(packetbuf.o)
                0x00005f28                packetbuf_hdralloc
 .text.packetbuf_hdrreduce
                0x00005f70       0x2c contiki-srf06-cc26xx.a(packetbuf.o)
                0x00005f70                packetbuf_hdrreduce
 .text.packetbuf_set_datalen
                0x00005f9c        0xc contiki-srf06-cc26xx.a(packetbuf.o)
                0x00005f9c                packetbuf_set_datalen
 .text.packetbuf_dataptr
                0x00005fa8       0x14 contiki-srf06-cc26xx.a(packetbuf.o)
                0x00005fa8                packetbuf_dataptr
 .text.packetbuf_hdrptr
                0x00005fbc       0x14 contiki-srf06-cc26xx.a(packetbuf.o)
                0x00005fbc                packetbuf_hdrptr
 .text.packetbuf_datalen
                0x00005fd0        0xc contiki-srf06-cc26xx.a(packetbuf.o)
                0x00005fd0                packetbuf_datalen
 .text.packetbuf_totlen
                0x00005fdc       0x28 contiki-srf06-cc26xx.a(packetbuf.o)
                0x00005fdc                packetbuf_totlen
 .text.packetbuf_attr_clear
                0x00006004       0x34 contiki-srf06-cc26xx.a(packetbuf.o)
                0x00006004                packetbuf_attr_clear
 .text.packetbuf_clear
                0x00006038       0x34 contiki-srf06-cc26xx.a(packetbuf.o)
                0x00006038                packetbuf_clear
 .text.packetbuf_copyfrom
                0x0000606c       0x2c contiki-srf06-cc26xx.a(packetbuf.o)
                0x0000606c                packetbuf_copyfrom
 .text.packetbuf_attr_copyto
                0x00006098       0x3c contiki-srf06-cc26xx.a(packetbuf.o)
                0x00006098                packetbuf_attr_copyto
 .text.packetbuf_attr_copyfrom
                0x000060d4       0x3c contiki-srf06-cc26xx.a(packetbuf.o)
                0x000060d4                packetbuf_attr_copyfrom
 .text.packetbuf_set_attr
                0x00006110       0x10 contiki-srf06-cc26xx.a(packetbuf.o)
                0x00006110                packetbuf_set_attr
 .text.packetbuf_attr
                0x00006120        0xc contiki-srf06-cc26xx.a(packetbuf.o)
                0x00006120                packetbuf_attr
 .text.packetbuf_set_addr
                0x0000612c       0x18 contiki-srf06-cc26xx.a(packetbuf.o)
                0x0000612c                packetbuf_set_addr
 .text.packetbuf_addr
                0x00006144       0x10 contiki-srf06-cc26xx.a(packetbuf.o)
                0x00006144                packetbuf_addr
 .text.packetbuf_holds_broadcast
                0x00006154       0x10 contiki-srf06-cc26xx.a(packetbuf.o)
                0x00006154                packetbuf_holds_broadcast
 .text.queuebuf_init
                0x00006164       0x1c contiki-srf06-cc26xx.a(queuebuf.o)
                0x00006164                queuebuf_init
 .text.queuebuf_new_from_packetbuf
                0x00006180       0x48 contiki-srf06-cc26xx.a(queuebuf.o)
                0x00006180                queuebuf_new_from_packetbuf
 .text.queuebuf_update_attr_from_packetbuf
                0x000061c8        0xc contiki-srf06-cc26xx.a(queuebuf.o)
                0x000061c8                queuebuf_update_attr_from_packetbuf
 .text.queuebuf_update_from_packetbuf
                0x000061d4       0x1c contiki-srf06-cc26xx.a(queuebuf.o)
                0x000061d4                queuebuf_update_from_packetbuf
 .text.queuebuf_free
                0x000061f0       0x2c contiki-srf06-cc26xx.a(queuebuf.o)
                0x000061f0                queuebuf_free
 .text.queuebuf_to_packetbuf
                0x0000621c       0x30 contiki-srf06-cc26xx.a(queuebuf.o)
                0x0000621c                queuebuf_to_packetbuf
 .text.queuebuf_attr
                0x0000624c        0xc contiki-srf06-cc26xx.a(queuebuf.o)
                0x0000624c                queuebuf_attr
 .text.input_packet
                0x00006258        0xc contiki-srf06-cc26xx.a(csma.o)
 .text.on       0x00006264        0xc contiki-srf06-cc26xx.a(csma.o)
 .text.off      0x00006270        0xc contiki-srf06-cc26xx.a(csma.o)
 .text.channel_check_interval
                0x0000627c       0x10 contiki-srf06-cc26xx.a(csma.o)
 .text.transmit_packet_list
                0x0000628c       0x34 contiki-srf06-cc26xx.a(csma.o)
 .text.free_packet
                0x000062c0       0x98 contiki-srf06-cc26xx.a(csma.o)
 .text.packet_sent
                0x00006358      0x100 contiki-srf06-cc26xx.a(csma.o)
 .text.send_packet
                0x00006458      0x174 contiki-srf06-cc26xx.a(csma.o)
 .text.init     0x000065cc       0x24 contiki-srf06-cc26xx.a(csma.o)
 .text.duty_cycle
                0x000065f0        0x4 contiki-srf06-cc26xx.a(contikimac.o)
 .text.init     0x000065f4       0x40 contiki-srf06-cc26xx.a(contikimac.o)
 .text.on       0x00006634       0x2c contiki-srf06-cc26xx.a(contikimac.o)
 .text.off      0x00006660       0x38 contiki-srf06-cc26xx.a(contikimac.o)
 .text.recv_burst_off
                0x00006698       0x14 contiki-srf06-cc26xx.a(contikimac.o)
 .text.powercycle_turn_radio_off.part.2
                0x000066ac       0x10 contiki-srf06-cc26xx.a(contikimac.o)
 .text.turn_off
                0x000066bc       0x48 contiki-srf06-cc26xx.a(contikimac.o)
 .text.turn_on  0x00006704       0x40 contiki-srf06-cc26xx.a(contikimac.o)
 .text.schedule_powercycle_fixed.part.5
                0x00006744       0x2c contiki-srf06-cc26xx.a(contikimac.o)
 .text.input_packet
                0x00006770       0xac contiki-srf06-cc26xx.a(contikimac.o)
 .text.send_packet.isra.8
                0x0000681c      0x228 contiki-srf06-cc26xx.a(contikimac.o)
 .text.qsend_list
                0x00006a44       0xe0 contiki-srf06-cc26xx.a(contikimac.o)
 .text.qsend_packet
                0x00006b24       0x24 contiki-srf06-cc26xx.a(contikimac.o)
 .text.powercycle_wrapper
                0x00006b48      0x234 contiki-srf06-cc26xx.a(contikimac.o)
 .text.init     0x00006d7c        0x4 contiki-srf06-cc26xx.a(nullsec.o)
 .text.input    0x00006d80        0xc contiki-srf06-cc26xx.a(nullsec.o)
 .text.send     0x00006d8c       0x20 contiki-srf06-cc26xx.a(nullsec.o)
 .text.sensor_common_read_reg
                0x00006dac       0x1c contiki-srf06-cc26xx.a(sensor-common.o)
                0x00006dac                sensor_common_read_reg
 .text.sensor_common_write_reg
                0x00006dc8       0x38 contiki-srf06-cc26xx.a(sensor-common.o)
                0x00006dc8                sensor_common_write_reg
 .text.sensor_common_set_error_data
                0x00006e00       0x10 contiki-srf06-cc26xx.a(sensor-common.o)
                0x00006e00                sensor_common_set_error_data
 .text.verify_part
                0x00006e10       0x6c contiki-srf06-cc26xx.a(ext-flash.o)
 .text.wait_ready
                0x00006e7c       0x64 contiki-srf06-cc26xx.a(ext-flash.o)
 .text.power_down
                0x00006ee0       0x50 contiki-srf06-cc26xx.a(ext-flash.o)
 .text.ext_flash_open
                0x00006f30       0x60 contiki-srf06-cc26xx.a(ext-flash.o)
                0x00006f30                ext_flash_open
 .text.ext_flash_init
                0x00006f90       0x14 contiki-srf06-cc26xx.a(ext-flash.o)
                0x00006f90                ext_flash_init
 .text.accessible
                0x00006fa4       0x24 contiki-srf06-cc26xx.a(board-spi.o)
 .text.board_spi_write
                0x00006fc8       0x3c contiki-srf06-cc26xx.a(board-spi.o)
                0x00006fc8                board_spi_write
 .text.board_spi_read
                0x00007004       0x48 contiki-srf06-cc26xx.a(board-spi.o)
                0x00007004                board_spi_read
 .text.board_spi_flush
                0x0000704c       0x24 contiki-srf06-cc26xx.a(board-spi.o)
                0x0000704c                board_spi_flush
 .text.board_spi_open
                0x00007070       0xc0 contiki-srf06-cc26xx.a(board-spi.o)
                0x00007070                board_spi_open
 .text.board_spi_close
                0x00007130       0x70 contiki-srf06-cc26xx.a(board-spi.o)
                0x00007130                board_spi_close
 .text.process_thread_rf_core_process
                0x000071a0       0x58 contiki-srf06-cc26xx.a(rf-core.o)
 .text.rf_core_is_accessible.part.0
                0x000071f8       0x1c contiki-srf06-cc26xx.a(rf-core.o)
 .text.rf_core_is_accessible
                0x00007214       0x14 contiki-srf06-cc26xx.a(rf-core.o)
                0x00007214                rf_core_is_accessible
 .text.rf_core_send_cmd
                0x00007228       0x94 contiki-srf06-cc26xx.a(rf-core.o)
                0x00007228                rf_core_send_cmd
 .text.rf_core_wait_cmd_done
                0x000072bc       0x30 contiki-srf06-cc26xx.a(rf-core.o)
                0x000072bc                rf_core_wait_cmd_done
 .text.rf_core_power_up
                0x000072ec       0xc8 contiki-srf06-cc26xx.a(rf-core.o)
                0x000072ec                rf_core_power_up
 .text.rf_core_power_down
                0x000073b4       0xf0 contiki-srf06-cc26xx.a(rf-core.o)
                0x000073b4                rf_core_power_down
 .text.rf_core_set_modesel
                0x000074a4       0x68 contiki-srf06-cc26xx.a(rf-core.o)
                0x000074a4                rf_core_set_modesel
 .text.rf_core_boot
                0x0000750c       0x30 contiki-srf06-cc26xx.a(rf-core.o)
                0x0000750c                rf_core_boot
 .text.rf_core_setup_interrupts
                0x0000753c       0x74 contiki-srf06-cc26xx.a(rf-core.o)
                0x0000753c                rf_core_setup_interrupts
 .text.rf_core_cmd_done_en
                0x000075b0       0x28 contiki-srf06-cc26xx.a(rf-core.o)
                0x000075b0                rf_core_cmd_done_en
 .text.rf_core_cmd_done_dis
                0x000075d8       0x10 contiki-srf06-cc26xx.a(rf-core.o)
                0x000075d8                rf_core_cmd_done_dis
 .text.rf_core_get_last_radio_op
                0x000075e8        0xc contiki-srf06-cc26xx.a(rf-core.o)
                0x000075e8                rf_core_get_last_radio_op
 .text.rf_core_init_radio_op
                0x000075f4       0x20 contiki-srf06-cc26xx.a(rf-core.o)
                0x000075f4                rf_core_init_radio_op
 .text.rf_core_primary_mode_register
                0x00007614        0xc contiki-srf06-cc26xx.a(rf-core.o)
                0x00007614                rf_core_primary_mode_register
 .text.RFCCPE1IntHandler
                0x00007620       0x2c contiki-srf06-cc26xx.a(rf-core.o)
                0x00007620                RFCCPE1IntHandler
 .text.RFCCPE0IntHandler
                0x0000764c       0x54 contiki-srf06-cc26xx.a(rf-core.o)
                0x0000764c                RFCCPE0IntHandler
 .text.rf_ble_is_active
                0x000076a0        0xc contiki-srf06-cc26xx.a(rf-ble.o)
                0x000076a0                rf_ble_is_active
 .text.memb_init
                0x000076ac       0x24 contiki-srf06-cc26xx.a(memb.o)
                0x000076ac                memb_init
 .text.memb_alloc
                0x000076d0       0x3c contiki-srf06-cc26xx.a(memb.o)
                0x000076d0                memb_alloc
 .text.memb_free
                0x0000770c       0x44 contiki-srf06-cc26xx.a(memb.o)
                0x0000770c                memb_free
 .text.memb_inmemb
                0x00007750       0x1c contiki-srf06-cc26xx.a(memb.o)
                0x00007750                memb_inmemb
 .text.announcement_init
                0x0000776c        0xc contiki-srf06-cc26xx.a(announcement.o)
                0x0000776c                announcement_init
 .text.announcement_register_observer_callback
                0x00007778        0xc contiki-srf06-cc26xx.a(announcement.o)
                0x00007778                announcement_register_observer_callback
 .text.announcement_list
                0x00007784        0xc contiki-srf06-cc26xx.a(announcement.o)
                0x00007784                announcement_list
 .text.announcement_heard
                0x00007790       0x3c contiki-srf06-cc26xx.a(announcement.o)
                0x00007790                announcement_heard
 .text.chameleon_init
                0x000077cc        0x4 contiki-srf06-cc26xx.a(chameleon.o)
                0x000077cc                chameleon_init
 .text.chameleon_parse
                0x000077d0       0x1c contiki-srf06-cc26xx.a(chameleon.o)
                0x000077d0                chameleon_parse
 .text.chameleon_create
                0x000077ec       0x20 contiki-srf06-cc26xx.a(chameleon.o)
                0x000077ec                chameleon_create
 .text.chameleon_hdrsize
                0x0000780c        0xc contiki-srf06-cc26xx.a(chameleon.o)
                0x0000780c                chameleon_hdrsize
 .text.adv_packet_sent
                0x00007818        0x4 contiki-srf06-cc26xx.a(broadcast-annou)
 .text.set_timers
                0x0000781c       0x3c contiki-srf06-cc26xx.a(broadcast-annou)
 .text.send_timer
                0x00007858       0x18 contiki-srf06-cc26xx.a(broadcast-annou)
 .text.send_adv
                0x00007870       0x58 contiki-srf06-cc26xx.a(broadcast-annou)
 .text.adv_packet_received
                0x000078c8       0x48 contiki-srf06-cc26xx.a(broadcast-annou)
 .text.new_announcement
                0x00007910       0x18 contiki-srf06-cc26xx.a(broadcast-annou)
 .text.broadcast_announcement_init
                0x00007928       0x30 contiki-srf06-cc26xx.a(broadcast-annou)
                0x00007928                broadcast_announcement_init
 .text.header_size
                0x00007958       0x1c contiki-srf06-cc26xx.a(chameleon-bitop)
 .text.get_bits
                0x00007974       0xa8 contiki-srf06-cc26xx.a(chameleon-bitop)
                0x00007974                get_bits
 .text.unpack_header
                0x00007a1c       0xb8 contiki-srf06-cc26xx.a(chameleon-bitop)
 .text.set_bits
                0x00007ad4       0xcc contiki-srf06-cc26xx.a(chameleon-bitop)
                0x00007ad4                set_bits
 .text.pack_header
                0x00007ba0       0xa8 contiki-srf06-cc26xx.a(chameleon-bitop)
 .text.ChipInfo_GetSupportedProtocol_BV
                0x00007c48       0x10 contiki-srf06-cc26xx.a(chipinfo.o)
                0x00007c48                ChipInfo_GetSupportedProtocol_BV
 .text.ChipInfo_GetChipFamily
                0x00007c58       0x38 contiki-srf06-cc26xx.a(chipinfo.o)
                0x00007c58                ChipInfo_GetChipFamily
 .text.ChipInfo_GetHwRevision
                0x00007c90       0x98 contiki-srf06-cc26xx.a(chipinfo.o)
                0x00007c90                ChipInfo_GetHwRevision
 .text.ThisCodeIsBuiltForCC26xxHwRev22AndLater_HaltIfViolated
                0x00007d28       0x2c contiki-srf06-cc26xx.a(chipinfo.o)
                0x00007d28                ThisCodeIsBuiltForCC26xxHwRev22AndLater_HaltIfViolated
 .text.mac_call_sent_callback
                0x00007d54       0x10 contiki-srf06-cc26xx.a(mac.o)
                0x00007d54                mac_call_sent_callback
 .text.parse    0x00007d64       0xa4 contiki-srf06-cc26xx.a(framer-802154.o)
 .text.create_frame.isra.0
                0x00007e08      0x138 contiki-srf06-cc26xx.a(framer-802154.o)
 .text.create   0x00007f40        0x8 contiki-srf06-cc26xx.a(framer-802154.o)
 .text.hdr_length
                0x00007f48        0x8 contiki-srf06-cc26xx.a(framer-802154.o)
 .text.mac_sequence_is_duplicate
                0x00007f50       0x3c contiki-srf06-cc26xx.a(mac-sequence.o)
                0x00007f50                mac_sequence_is_duplicate
 .text.mac_sequence_register_seqno
                0x00007f8c       0x58 contiki-srf06-cc26xx.a(mac-sequence.o)
                0x00007f8c                mac_sequence_register_seqno
 .text.frame802154_get_pan_id
                0x00007fe4        0xc contiki-srf06-cc26xx.a(frame802154.o)
                0x00007fe4                frame802154_get_pan_id
 .text.frame802154_has_panid
                0x00007ff0       0x54 contiki-srf06-cc26xx.a(frame802154.o)
                0x00007ff0                frame802154_has_panid
 .text.field_len
                0x00008044       0x9c contiki-srf06-cc26xx.a(frame802154.o)
 .text.frame802154_is_broadcast_addr
                0x000080e0       0x20 contiki-srf06-cc26xx.a(frame802154.o)
                0x000080e0                frame802154_is_broadcast_addr
 .text.frame802154_hdrlen
                0x00008100       0x34 contiki-srf06-cc26xx.a(frame802154.o)
                0x00008100                frame802154_hdrlen
 .text.frame802154_create
                0x00008134      0x10c contiki-srf06-cc26xx.a(frame802154.o)
                0x00008134                frame802154_create
 .text.frame802154_parse
                0x00008240      0x17c contiki-srf06-cc26xx.a(frame802154.o)
                0x00008240                frame802154_parse
 .text.exp2     0x000083bc       0x10 c:/program files (x86)/gnu tools arm embedded/4.9 2015q2/bin/../lib/gcc/arm-none-eabi/4.9.3/../../../../arm-none-eabi/lib/armv7-m\libm.a(lib_a-w_exp2.o)
                0x000083bc                exp2
 .text.pow      0x000083cc      0x2f0 c:/program files (x86)/gnu tools arm embedded/4.9 2015q2/bin/../lib/gcc/arm-none-eabi/4.9.3/../../../../arm-none-eabi/lib/armv7-m\libm.a(lib_a-w_pow.o)
                0x000083cc                pow
 .text.__ieee754_sqrt
                0x000086bc      0x18c c:/program files (x86)/gnu tools arm embedded/4.9 2015q2/bin/../lib/gcc/arm-none-eabi/4.9.3/../../../../arm-none-eabi/lib/armv7-m\libm.a(lib_a-e_sqrt.o)
                0x000086bc                __ieee754_sqrt
 .text.fabs     0x00008848        0x8 c:/program files (x86)/gnu tools arm embedded/4.9 2015q2/bin/../lib/gcc/arm-none-eabi/4.9.3/../../../../arm-none-eabi/lib/armv7-m\libm.a(lib_a-s_fabs.o)
                0x00008848                fabs
 .text.finite   0x00008850        0xc c:/program files (x86)/gnu tools arm embedded/4.9 2015q2/bin/../lib/gcc/arm-none-eabi/4.9.3/../../../../arm-none-eabi/lib/armv7-m\libm.a(lib_a-s_finite.o)
                0x00008850                finite
 .text.__fpclassifyd
                0x0000885c       0x58 c:/program files (x86)/gnu tools arm embedded/4.9 2015q2/bin/../lib/gcc/arm-none-eabi/4.9.3/../../../../arm-none-eabi/lib/armv7-m\libm.a(lib_a-s_fpclassify.o)
                0x0000885c                __fpclassifyd
 .text.matherr  0x000088b4        0x4 c:/program files (x86)/gnu tools arm embedded/4.9 2015q2/bin/../lib/gcc/arm-none-eabi/4.9.3/../../../../arm-none-eabi/lib/armv7-m\libm.a(lib_a-s_matherr.o)
                0x000088b4                matherr
 .text.nan      0x000088b8        0xc c:/program files (x86)/gnu tools arm embedded/4.9 2015q2/bin/../lib/gcc/arm-none-eabi/4.9.3/../../../../arm-none-eabi/lib/armv7-m\libm.a(lib_a-s_nan.o)
                0x000088b8                nan
 .text.rint     0x000088c4      0x11c c:/program files (x86)/gnu tools arm embedded/4.9 2015q2/bin/../lib/gcc/arm-none-eabi/4.9.3/../../../../arm-none-eabi/lib/armv7-m\libm.a(lib_a-s_rint.o)
                0x000088c4                rint
 .text.copysign
                0x000089e0       0x10 c:/program files (x86)/gnu tools arm embedded/4.9 2015q2/bin/../lib/gcc/arm-none-eabi/4.9.3/../../../../arm-none-eabi/lib/armv7-m\libm.a(lib_a-s_copysign.o)
                0x000089e0                copysign
 .text          0x000089f0      0x370 c:/program files (x86)/gnu tools arm embedded/4.9 2015q2/bin/../lib/gcc/arm-none-eabi/4.9.3/armv7-m\libgcc.a(_arm_addsubdf3.o)
                0x000089f0                __aeabi_drsub
                0x000089f8                __aeabi_dsub
                0x000089f8                __subdf3
                0x000089fc                __aeabi_dadd
                0x000089fc                __adddf3
                0x00008c74                __floatunsidf
                0x00008c74                __aeabi_ui2d
                0x00008c94                __floatsidf
                0x00008c94                __aeabi_i2d
                0x00008cb8                __aeabi_f2d
                0x00008cb8                __extendsfdf2
                0x00008cf4                __floatundidf
                0x00008cf4                __aeabi_ul2d
                0x00008d04                __floatdidf
                0x00008d04                __aeabi_l2d
 .text          0x00008d60      0x424 c:/program files (x86)/gnu tools arm embedded/4.9 2015q2/bin/../lib/gcc/arm-none-eabi/4.9.3/armv7-m\libgcc.a(_arm_muldivdf3.o)
                0x00008d60                __aeabi_dmul
                0x00008d60                __muldf3
                0x00008fb4                __divdf3
                0x00008fb4                __aeabi_ddiv
 .text          0x00009184      0x110 c:/program files (x86)/gnu tools arm embedded/4.9 2015q2/bin/../lib/gcc/arm-none-eabi/4.9.3/armv7-m\libgcc.a(_arm_cmpdf2.o)
                0x00009184                __gtdf2
                0x00009184                __gedf2
                0x0000918c                __ltdf2
                0x0000918c                __ledf2
                0x00009194                __nedf2
                0x00009194                __eqdf2
                0x00009194                __cmpdf2
                0x00009210                __aeabi_cdrcmple
                0x00009220                __aeabi_cdcmpeq
                0x00009220                __aeabi_cdcmple
                0x00009230                __aeabi_dcmpeq
                0x00009244                __aeabi_dcmplt
                0x00009258                __aeabi_dcmple
                0x0000926c                __aeabi_dcmpge
                0x00009280                __aeabi_dcmpgt
 .text          0x00009294       0x50 c:/program files (x86)/gnu tools arm embedded/4.9 2015q2/bin/../lib/gcc/arm-none-eabi/4.9.3/armv7-m\libgcc.a(_arm_fixdfsi.o)
                0x00009294                __aeabi_d2iz
                0x00009294                __fixdfsi
 .text          0x000092e4       0xa0 c:/program files (x86)/gnu tools arm embedded/4.9 2015q2/bin/../lib/gcc/arm-none-eabi/4.9.3/armv7-m\libgcc.a(_arm_truncdfsf2.o)
                0x000092e4                __truncdfsf2
                0x000092e4                __aeabi_d2f
 .text          0x00009384      0x21c c:/program files (x86)/gnu tools arm embedded/4.9 2015q2/bin/../lib/gcc/arm-none-eabi/4.9.3/armv7-m\libgcc.a(_arm_addsubsf3.o)
                0x00009384                __aeabi_frsub
                0x0000938c                __subsf3
                0x0000938c                __aeabi_fsub
                0x00009390                __aeabi_fadd
                0x00009390                __addsf3
                0x000094f0                __aeabi_ui2f
                0x000094f0                __floatunsisf
                0x000094f8                __aeabi_i2f
                0x000094f8                __floatsisf
                0x00009514                __aeabi_ul2f
                0x00009514                __floatundisf
                0x00009524                __aeabi_l2f
                0x00009524                __floatdisf
 .text          0x000095a0      0x2a0 c:/program files (x86)/gnu tools arm embedded/4.9 2015q2/bin/../lib/gcc/arm-none-eabi/4.9.3/armv7-m\libgcc.a(_arm_muldivsf3.o)
                0x000095a0                __mulsf3
                0x000095a0                __aeabi_fmul
                0x00009708                __aeabi_fdiv
                0x00009708                __divsf3
 .text          0x00009840       0x4c c:/program files (x86)/gnu tools arm embedded/4.9 2015q2/bin/../lib/gcc/arm-none-eabi/4.9.3/armv7-m\libgcc.a(_arm_fixsfsi.o)
                0x00009840                __aeabi_f2iz
                0x00009840                __fixsfsi
 .text          0x0000988c       0x30 c:/program files (x86)/gnu tools arm embedded/4.9 2015q2/bin/../lib/gcc/arm-none-eabi/4.9.3/armv7-m\libgcc.a(_aeabi_uldivmod.o)
                0x0000988c                __aeabi_uldivmod
 .text          0x000098bc       0x60 c:/program files (x86)/gnu tools arm embedded/4.9 2015q2/bin/../lib/gcc/arm-none-eabi/4.9.3/armv7-m\libgcc.a(bpabi.o)
                0x000098bc                __gnu_ldivmod_helper
                0x000098ec                __gnu_uldivmod_helper
 .text          0x0000991c        0x4 c:/program files (x86)/gnu tools arm embedded/4.9 2015q2/bin/../lib/gcc/arm-none-eabi/4.9.3/armv7-m\libgcc.a(_dvmd_tls.o)
                0x0000991c                __aeabi_idiv0
                0x0000991c                __aeabi_ldiv0
 .text          0x00009920      0x2ac c:/program files (x86)/gnu tools arm embedded/4.9 2015q2/bin/../lib/gcc/arm-none-eabi/4.9.3/armv7-m\libgcc.a(_divdi3.o)
                0x00009920                __divdi3
 .text          0x00009bcc      0x270 c:/program files (x86)/gnu tools arm embedded/4.9 2015q2/bin/../lib/gcc/arm-none-eabi/4.9.3/armv7-m\libgcc.a(_udivdi3.o)
                0x00009bcc                __udivdi3
 .text.__errno  0x00009e3c        0xc c:/program files (x86)/gnu tools arm embedded/4.9 2015q2/bin/../lib/gcc/arm-none-eabi/4.9.3/../../../../arm-none-eabi/lib/armv7-m\libc.a(lib_a-errno.o)
                0x00009e3c                __errno
 .text.memcmp   0x00009e48       0x64 c:/program files (x86)/gnu tools arm embedded/4.9 2015q2/bin/../lib/gcc/arm-none-eabi/4.9.3/../../../../arm-none-eabi/lib/armv7-m\libc.a(lib_a-memcmp.o)
                0x00009e48                memcmp
 .text          0x00009eac       0xec c:/program files (x86)/gnu tools arm embedded/4.9 2015q2/bin/../lib/gcc/arm-none-eabi/4.9.3/../../../../arm-none-eabi/lib/armv7-m\libc.a(lib_a-memcpy.o)
                0x00009eac                memcpy
 .text.memset   0x00009f98       0x9c c:/program files (x86)/gnu tools arm embedded/4.9 2015q2/bin/../lib/gcc/arm-none-eabi/4.9.3/../../../../arm-none-eabi/lib/armv7-m\libc.a(lib_a-memset.o)
                0x00009f98                memset
 .text.srand    0x0000a034       0x14 c:/program files (x86)/gnu tools arm embedded/4.9 2015q2/bin/../lib/gcc/arm-none-eabi/4.9.3/../../../../arm-none-eabi/lib/armv7-m\libc.a(lib_a-rand.o)
                0x0000a034                srand
 .text.rand     0x0000a048       0x40 c:/program files (x86)/gnu tools arm embedded/4.9 2015q2/bin/../lib/gcc/arm-none-eabi/4.9.3/../../../../arm-none-eabi/lib/armv7-m\libc.a(lib_a-rand.o)
                0x0000a048                rand
 .text.strlen   0x0000a088       0x5c c:/program files (x86)/gnu tools arm embedded/4.9 2015q2/bin/../lib/gcc/arm-none-eabi/4.9.3/../../../../arm-none-eabi/lib/armv7-m\libc.a(lib_a-strlen.o)
                0x0000a088                strlen
 *(SORT(.rodata*))
 *fill*         0x0000a0e4        0x4 00000000
 .rodata.dp_h   0x0000a0e8       0x10 c:/program files (x86)/gnu tools arm embedded/4.9 2015q2/bin/../lib/gcc/arm-none-eabi/4.9.3/../../../../arm-none-eabi/lib/armv7-m\libm.a(lib_a-e_pow.o)
 .rodata.dp_l   0x0000a0f8       0x10 c:/program files (x86)/gnu tools arm embedded/4.9 2015q2/bin/../lib/gcc/arm-none-eabi/4.9.3/../../../../arm-none-eabi/lib/armv7-m\libm.a(lib_a-e_pow.o)
 .rodata.bp     0x0000a108       0x10 c:/program files (x86)/gnu tools arm embedded/4.9 2015q2/bin/../lib/gcc/arm-none-eabi/4.9.3/../../../../arm-none-eabi/lib/armv7-m\libm.a(lib_a-e_pow.o)
 .rodata.TWO52  0x0000a118       0x10 c:/program files (x86)/gnu tools arm embedded/4.9 2015q2/bin/../lib/gcc/arm-none-eabi/4.9.3/../../../../arm-none-eabi/lib/armv7-m\libm.a(lib_a-s_rint.o)
 .rodata.autostart_processes
                0x0000a128        0x8 SKT-Current-brodcast-demo.co
                0x0000a128                autostart_processes
 .rodata.str1.4
                0x0000a130       0x14 SKT-Current-brodcast-demo.co
 .rodata.bc_rx  0x0000a144        0x8 SKT-Current-brodcast-demo.co
 .rodata.str1.4
                0x0000a14c       0xa1 contiki-srf06-cc26xx.a(contiki-main.o)
 *fill*         0x0000a1ed        0x3 00000000
 .rodata.str1.4
                0x0000a1f0        0x8 contiki-srf06-cc26xx.a(sensors.o)
 .rodata.str1.4
                0x0000a1f8        0x7 contiki-srf06-cc26xx.a(bmp-280-sensor.)
 *fill*         0x0000a1ff        0x1 00000000
 .rodata.bmp_280_sensor
                0x0000a200       0x10 contiki-srf06-cc26xx.a(bmp-280-sensor.)
                0x0000a200                bmp_280_sensor
 .rodata.tmp_007_sensor
                0x0000a210       0x10 contiki-srf06-cc26xx.a(tmp-007-sensor.)
                0x0000a210                tmp_007_sensor
 .rodata.str1.4
                0x0000a220        0x7 contiki-srf06-cc26xx.a(tmp-007-sensor.)
 *fill*         0x0000a227        0x1 00000000
 .rodata.str1.4
                0x0000a228        0x8 contiki-srf06-cc26xx.a(opt-3001-sensor)
 .rodata.opt_3001_sensor
                0x0000a230       0x10 contiki-srf06-cc26xx.a(opt-3001-sensor)
                0x0000a230                opt_3001_sensor
 .rodata.hdc_1000_sensor
                0x0000a240       0x10 contiki-srf06-cc26xx.a(hdc-1000-sensor)
                0x0000a240                hdc_1000_sensor
 .rodata.str1.4
                0x0000a250        0x8 contiki-srf06-cc26xx.a(hdc-1000-sensor)
 .rodata.mpu_9250_sensor
                0x0000a258       0x10 contiki-srf06-cc26xx.a(mpu-9250-sensor)
                0x0000a258                mpu_9250_sensor
 .rodata.str1.4
                0x0000a268        0x8 contiki-srf06-cc26xx.a(mpu-9250-sensor)
 .rodata.str1.4
                0x0000a270        0x7 contiki-srf06-cc26xx.a(button-sensor.o)
 *fill*         0x0000a277        0x1 00000000
 .rodata.button_left_sensor
                0x0000a278       0x10 contiki-srf06-cc26xx.a(button-sensor.o)
                0x0000a278                button_left_sensor
 .rodata.button_right_sensor
                0x0000a288       0x10 contiki-srf06-cc26xx.a(button-sensor.o)
                0x0000a288                button_right_sensor
 .rodata.str1.4
                0x0000a298        0x5 contiki-srf06-cc26xx.a(reed-relay.o)
 *fill*         0x0000a29d        0x3 00000000
 .rodata.reed_relay_sensor
                0x0000a2a0       0x10 contiki-srf06-cc26xx.a(reed-relay.o)
                0x0000a2a0                reed_relay_sensor
 .rodata.output_power
                0x0000a2b0       0x68 contiki-srf06-cc26xx.a(ieee-mode.o)
 .rodata.ieee_mode_driver
                0x0000a318       0x38 contiki-srf06-cc26xx.a(ieee-mode.o)
                0x0000a318                ieee_mode_driver
 .rodata.mode_ieee
                0x0000a350        0x8 contiki-srf06-cc26xx.a(ieee-mode.o)
 .rodata.str1.4
                0x0000a358       0x46 contiki-srf06-cc26xx.a(strformat.o)
 *fill*         0x0000a39e        0x2 00000000
 .rodata.buffer.4019
                0x0000a3a0       0x10 contiki-srf06-cc26xx.a(strformat.o)
 .rodata.buffer.4028
                0x0000a3b0       0x10 contiki-srf06-cc26xx.a(strformat.o)
 .rodata.str1.4
                0x0000a3c0        0xc contiki-srf06-cc26xx.a(etimer.o)
 .rodata.str1.4
                0x0000a3cc        0xf contiki-srf06-cc26xx.a(ctimer.o)
 *fill*         0x0000a3db        0x1 00000000
 .rodata.str1.4
                0x0000a3dc        0xe contiki-srf06-cc26xx.a(serial-line.o)
 *fill*         0x0000a3ea        0x2 00000000
 .rodata.attributes
                0x0000a3ec        0x4 contiki-srf06-cc26xx.a(broadcast.o)
 .rodata.broadcast
                0x0000a3f0        0x8 contiki-srf06-cc26xx.a(broadcast.o)
 .rodata.attributes
                0x0000a3f8        0x2 contiki-srf06-cc26xx.a(abc.o)
 *fill*         0x0000a3fa        0x2 00000000
 .rodata.str1.4
                0x0000a3fc        0x5 contiki-srf06-cc26xx.a(rime.o)
 *fill*         0x0000a401        0x3 00000000
 .rodata.rime_driver
                0x0000a404        0xc contiki-srf06-cc26xx.a(rime.o)
                0x0000a404                rime_driver
 .rodata.linkaddr_null
                0x0000a410        0x2 contiki-srf06-cc26xx.a(linkaddr.o)
                0x0000a410                linkaddr_null
 *fill*         0x0000a412        0x2 00000000
 .rodata.str1.4
                0x0000a414        0x5 contiki-srf06-cc26xx.a(csma.o)
 *fill*         0x0000a419        0x3 00000000
 .rodata.csma_driver
                0x0000a41c       0x1c contiki-srf06-cc26xx.a(csma.o)
                0x0000a41c                csma_driver
 .rodata.str1.4
                0x0000a438        0xb contiki-srf06-cc26xx.a(contikimac.o)
 *fill*         0x0000a443        0x1 00000000
 .rodata.contikimac_driver
                0x0000a444       0x20 contiki-srf06-cc26xx.a(contikimac.o)
                0x0000a444                contikimac_driver
 .rodata.str1.4
                0x0000a464        0x8 contiki-srf06-cc26xx.a(nullsec.o)
 .rodata.nullsec_driver
                0x0000a46c       0x10 contiki-srf06-cc26xx.a(nullsec.o)
                0x0000a46c                nullsec_driver
 .rodata        0x0000a47c        0x4 contiki-srf06-cc26xx.a(ext-flash.o)
 .rodata.str1.4
                0x0000a480       0x46 contiki-srf06-cc26xx.a(rf-core.o)
 *fill*         0x0000a4c6        0x2 00000000
 .rodata.broadcast_callbacks
                0x0000a4c8        0x8 contiki-srf06-cc26xx.a(broadcast-annou)
 .rodata.chameleon_bitopt
                0x0000a4d0        0xc contiki-srf06-cc26xx.a(chameleon-bitop)
                0x0000a4d0                chameleon_bitopt
 .rodata.bitmask
                0x0000a4dc        0x9 contiki-srf06-cc26xx.a(chameleon-bitop)
 *fill*         0x0000a4e5        0x3 00000000
 .rodata.framer_802154
                0x0000a4e8        0xc contiki-srf06-cc26xx.a(framer-802154.o)
                0x0000a4e8                framer_802154
 .rodata.str1.4
                0x0000a4f4        0x4 c:/program files (x86)/gnu tools arm embedded/4.9 2015q2/bin/../lib/gcc/arm-none-eabi/4.9.3/../../../../arm-none-eabi/lib/armv7-m\libm.a(lib_a-w_pow.o)
 .rodata.str1.4
                0x00000000        0x4 c:/program files (x86)/gnu tools arm embedded/4.9 2015q2/bin/../lib/gcc/arm-none-eabi/4.9.3/../../../../arm-none-eabi/lib/armv7-m\libm.a(lib_a-e_pow.o)
                                  0x1 (size before relaxing)
 .rodata.str1.4
                0x0000a4f8        0x4 c:/program files (x86)/gnu tools arm embedded/4.9 2015q2/bin/../lib/gcc/arm-none-eabi/4.9.3/../../../../arm-none-eabi/lib/armv7-m\libc.a(lib_a-impure.o)
                                  0x2 (size before relaxing)
                0x0000a4fc                _etext = .

.glue_7         0x0000a4fc        0x0
 .glue_7        0x00000000        0x0 linker stubs

.glue_7t        0x0000a4fc        0x0
 .glue_7t       0x00000000        0x0 linker stubs

.vfp11_veneer   0x0000a4fc        0x0
 .vfp11_veneer  0x00000000        0x0 linker stubs

.v4_bx          0x0000a4fc        0x0
 .v4_bx         0x00000000        0x0 linker stubs

.iplt           0x0000a4fc        0x0
 .iplt          0x00000000        0x0 obj_srf06-cc26xx/startup_gcc.o

.data           0x20000000      0x564 load address 0x0000a4fc
                0x20000000                _data = .
 *(SORT(vtable))
 *(SORT(.data*))
 .data.impure_data
                0x20000000      0x428 c:/program files (x86)/gnu tools arm embedded/4.9 2015q2/bin/../lib/gcc/arm-none-eabi/4.9.3/../../../../arm-none-eabi/lib/armv7-m\libc.a(lib_a-impure.o)
 .data.cc26xx_demo_process
                0x20000428       0x10 SKT-Current-brodcast-demo.co
                0x20000428                cc26xx_demo_process
 .data.sensors_process
                0x20000438       0x10 contiki-srf06-cc26xx.a(sensors.o)
                0x20000438                sensors_process
 .data.sensors  0x20000448       0x24 contiki-srf06-cc26xx.a(sensortag-senso)
                0x20000448                sensors
 .data.sensortag_module
                0x2000046c       0x14 contiki-srf06-cc26xx.a(board.o)
 .data.uart_module
                0x20000480       0x14 contiki-srf06-cc26xx.a(cc26xx-uart.o)
 .data.cc26xx_rf_lpm_module
                0x20000494       0x14 contiki-srf06-cc26xx.a(ieee-mode.o)
 .data.tx_power_current
                0x200004a8        0x4 contiki-srf06-cc26xx.a(ieee-mode.o)
                0x200004a8                tx_power_current
 .data.ieee_overrides
                0x200004ac       0x2c contiki-srf06-cc26xx.a(ieee-mode.o)
 .data.ctxt     0x200004d8        0x8 contiki-srf06-cc26xx.a(dbg-printf.o)
 .data.etimer_process
                0x200004e0       0x10 contiki-srf06-cc26xx.a(etimer.o)
                0x200004e0                etimer_process
 .data.ctimer_process
                0x200004f0       0x10 contiki-srf06-cc26xx.a(ctimer.o)
                0x200004f0                ctimer_process
 .data.serial_line_process
                0x20000500       0x10 contiki-srf06-cc26xx.a(serial-line.o)
                0x20000500                serial_line_process
 .data.bufmem   0x20000510        0xc contiki-srf06-cc26xx.a(queuebuf.o)
 .data.buframmem
                0x2000051c        0xc contiki-srf06-cc26xx.a(queuebuf.o)
 .data.metadata_memb
                0x20000528        0xc contiki-srf06-cc26xx.a(csma.o)
 .data.neighbor_memb
                0x20000534        0xc contiki-srf06-cc26xx.a(csma.o)
 .data.packet_memb
                0x20000540        0xc contiki-srf06-cc26xx.a(csma.o)
 .data.rf_core_process
                0x2000054c       0x10 contiki-srf06-cc26xx.a(rf-core.o)
                0x2000054c                rf_core_process
 .data._impure_ptr
                0x2000055c        0x4 c:/program files (x86)/gnu tools arm embedded/4.9 2015q2/bin/../lib/gcc/arm-none-eabi/4.9.3/../../../../arm-none-eabi/lib/armv7-m\libc.a(lib_a-impure.o)
                0x2000055c                _impure_ptr
 .data.mac_pan_id
                0x20000560        0x2 contiki-srf06-cc26xx.a(frame802154.o)
 .data.interface
                0x20000562        0x1 contiki-srf06-cc26xx.a(board-i2c.o)
 .data.__fdlib_version
                0x20000563        0x1 c:/program files (x86)/gnu tools arm embedded/4.9 2015q2/bin/../lib/gcc/arm-none-eabi/4.9.3/../../../../arm-none-eabi/lib/armv7-m\libm.a(lib_a-s_lib_ver.o)
                0x20000563                __fdlib_version
                0x20000564                _edata = .

.igot.plt       0x20000564        0x0 load address 0x0000aa60
 .igot.plt      0x00000000        0x0 obj_srf06-cc26xx/startup_gcc.o

.ARM.exidx      0x0000aa60        0x8
 *(SORT(.ARM.exidx*))
 .ARM.exidx     0x0000aa60        0x8 c:/program files (x86)/gnu tools arm embedded/4.9 2015q2/bin/../lib/gcc/arm-none-eabi/4.9.3/armv7-m\libgcc.a(_divdi3.o)
 .ARM.exidx     0x0000aa68        0x0 c:/program files (x86)/gnu tools arm embedded/4.9 2015q2/bin/../lib/gcc/arm-none-eabi/4.9.3/armv7-m\libgcc.a(_udivdi3.o)
                                  0x8 (size before relaxing)

.bss            0x20000568     0x11de
                0x20000568                _bss = .
 *(SORT(.bss*))
 .bss.count     0x20000568        0x8 contiki-srf06-cc26xx.a(clock.o)
 .bss.rt        0x20000570        0xc SKT-Current-brodcast-demo.co
 .bss.et        0x2000057c       0x10 SKT-Current-brodcast-demo.co
 .bss.bc        0x2000058c       0x18 SKT-Current-brodcast-demo.co
 .bss.inited_relay
                0x200005a4        0x4 obj_srf06-cc26xx/gpiorelay.o
 .bss.i.4813    0x200005a8        0x4 contiki-srf06-cc26xx.a(sensors.o)
 .bss.events.4814
                0x200005ac        0x4 contiki-srf06-cc26xx.a(sensors.o)
 .bss.inited    0x200005b0        0x4 contiki-srf06-cc26xx.a(leds-arch.o)
 .bss.sensor_value
                0x200005b4        0x6 contiki-srf06-cc26xx.a(bmp-280-sensor.)
 *fill*         0x200005ba        0x2 
 .bss.calibration_data
                0x200005bc       0x18 contiki-srf06-cc26xx.a(bmp-280-sensor.)
 .bss.startup_timer
                0x200005d4       0x20 contiki-srf06-cc26xx.a(bmp-280-sensor.)
 .bss.enabled   0x200005f4        0x4 contiki-srf06-cc26xx.a(bmp-280-sensor.)
 .bss.obj_temp_latched
                0x200005f8        0x4 contiki-srf06-cc26xx.a(tmp-007-sensor.)
 .bss.startup_timer
                0x200005fc       0x20 contiki-srf06-cc26xx.a(tmp-007-sensor.)
 .bss.enabled   0x2000061c        0x4 contiki-srf06-cc26xx.a(tmp-007-sensor.)
 .bss.buf       0x20000620        0x4 contiki-srf06-cc26xx.a(tmp-007-sensor.)
 .bss.amb_temp_latched
                0x20000624        0x4 contiki-srf06-cc26xx.a(tmp-007-sensor.)
 .bss.startup_timer
                0x20000628       0x20 contiki-srf06-cc26xx.a(opt-3001-sensor)
 .bss.state     0x20000648        0x4 contiki-srf06-cc26xx.a(opt-3001-sensor)
 .bss.startup_timer
                0x2000064c       0x20 contiki-srf06-cc26xx.a(hdc-1000-sensor)
 .bss.enabled   0x2000066c        0x4 contiki-srf06-cc26xx.a(hdc-1000-sensor)
 .bss.data      0x20000670        0x4 contiki-srf06-cc26xx.a(hdc-1000-sensor)
 .bss.sensor_value
                0x20000674        0x6 contiki-srf06-cc26xx.a(mpu-9250-sensor)
 *fill*         0x2000067a        0x2 
 .bss.startup_timer
                0x2000067c       0x20 contiki-srf06-cc26xx.a(mpu-9250-sensor)
 .bss.state     0x2000069c        0x4 contiki-srf06-cc26xx.a(mpu-9250-sensor)
 .bss.elements  0x200006a0        0x4 contiki-srf06-cc26xx.a(mpu-9250-sensor)
 .bss.right_timer
                0x200006a4       0x10 contiki-srf06-cc26xx.a(button-sensor.o)
 .bss.left_timer
                0x200006b4       0x10 contiki-srf06-cc26xx.a(button-sensor.o)
 .bss.debouncetimer
                0x200006c4        0x8 contiki-srf06-cc26xx.a(reed-relay.o)
 .bss.last_isr_time
                0x200006cc        0x4 contiki-srf06-cc26xx.a(soc-rtc.o)
 .bss.input_handler
                0x200006d0        0x4 contiki-srf06-cc26xx.a(cc26xx-uart.o)
 .bss.modules_list_list
                0x200006d4        0x4 contiki-srf06-cc26xx.a(lpm.o)
 .bss.handlers  0x200006d8       0x80 contiki-srf06-cc26xx.a(gpio-interrupt.)
 .bss.rf_stats  0x20000758       0x10 contiki-srf06-cc26xx.a(ieee-mode.o)
 .bss.rx_data_queue
                0x20000768        0x8 contiki-srf06-cc26xx.a(ieee-mode.o)
 .bss.rx_read_entry
                0x20000770        0x4 contiki-srf06-cc26xx.a(ieee-mode.o)
 .bss.cmd_ieee_rx_buf
                0x20000774       0x80 contiki-srf06-cc26xx.a(ieee-mode.o)
 .bss.tx_buf    0x200007f4       0xb6 contiki-srf06-cc26xx.a(ieee-mode.o)
 *fill*         0x200008aa        0x2 
 .bss.rx_buf_1  0x200008ac       0x8c contiki-srf06-cc26xx.a(ieee-mode.o)
 .bss.rx_buf_0  0x20000938       0x8c contiki-srf06-cc26xx.a(ieee-mode.o)
 .bss.rx_buf_2  0x200009c4       0x8c contiki-srf06-cc26xx.a(ieee-mode.o)
 .bss.rx_buf_3  0x20000a50       0x8c contiki-srf06-cc26xx.a(ieee-mode.o)
 .bss.next_rtimer
                0x20000adc        0x4 contiki-srf06-cc26xx.a(rtimer.o)
 .bss.p.5177    0x20000ae0        0x4 contiki-srf06-cc26xx.a(process.o)
 .bss.process_current
                0x20000ae4        0x4 contiki-srf06-cc26xx.a(process.o)
                0x20000ae4                process_current
 .bss.process_list
                0x20000ae8        0x4 contiki-srf06-cc26xx.a(process.o)
                0x20000ae8                process_list
 .bss.events    0x20000aec      0x180 contiki-srf06-cc26xx.a(process.o)
 .bss.data.5175
                0x20000c6c        0x4 contiki-srf06-cc26xx.a(process.o)
 .bss.receiver.5176
                0x20000c70        0x4 contiki-srf06-cc26xx.a(process.o)
 .bss.timerlist
                0x20000c74        0x4 contiki-srf06-cc26xx.a(etimer.o)
 .bss.next_expiration
                0x20000c78        0x4 contiki-srf06-cc26xx.a(etimer.o)
 .bss.ctimer_list_list
                0x20000c7c        0x4 contiki-srf06-cc26xx.a(ctimer.o)
 .bss.rxbuf_data
                0x20000c80       0x80 contiki-srf06-cc26xx.a(serial-line.o)
 .bss.rxbuf     0x20000d00        0x8 contiki-srf06-cc26xx.a(serial-line.o)
 .bss.buf.4797  0x20000d08       0x80 contiki-srf06-cc26xx.a(serial-line.o)
 .bss.ptr.4798  0x20000d88        0x4 contiki-srf06-cc26xx.a(serial-line.o)
 .bss.channel_list_list
                0x20000d8c        0x4 contiki-srf06-cc26xx.a(channel.o)
 .bss.sniffers_list
                0x20000d90        0x4 contiki-srf06-cc26xx.a(rime.o)
 .bss.powerQualGlobals
                0x20000d94        0x8 contiki-srf06-cc26xx.a(sys_ctrl.o)
 .bss.packetbufptr
                0x20000d9c        0x4 contiki-srf06-cc26xx.a(packetbuf.o)
 .bss.packetbuf_aligned
                0x20000da0       0xb0 contiki-srf06-cc26xx.a(packetbuf.o)
 .bss.buframmem_memb_count
                0x20000e50        0x8 contiki-srf06-cc26xx.a(queuebuf.o)
 .bss.bufmem_memb_mem
                0x20000e58       0x20 contiki-srf06-cc26xx.a(queuebuf.o)
 .bss.buframmem_memb_mem
                0x20000e78      0x5f0 contiki-srf06-cc26xx.a(queuebuf.o)
 .bss.bufmem_memb_count
                0x20001468        0x8 contiki-srf06-cc26xx.a(queuebuf.o)
 .bss.metadata_memb_memb_count
                0x20001470        0x8 contiki-srf06-cc26xx.a(csma.o)
 .bss.packet_memb_memb_count
                0x20001478        0x8 contiki-srf06-cc26xx.a(csma.o)
 .bss.metadata_memb_memb_mem
                0x20001480       0x60 contiki-srf06-cc26xx.a(csma.o)
 .bss.neighbor_list_list
                0x200014e0        0x4 contiki-srf06-cc26xx.a(csma.o)
 .bss.packet_memb_memb_mem
                0x200014e4       0x60 contiki-srf06-cc26xx.a(csma.o)
 .bss.neighbor_memb_memb_count
                0x20001544        0x2 contiki-srf06-cc26xx.a(csma.o)
 *fill*         0x20001546        0x2 
 .bss.neighbor_memb_memb_mem
                0x20001548       0x68 contiki-srf06-cc26xx.a(csma.o)
 .bss.cycle_start
                0x200015b0        0x4 contiki-srf06-cc26xx.a(contikimac.o)
 .bss.we_are_receiving_burst
                0x200015b4        0x4 contiki-srf06-cc26xx.a(contikimac.o)
 .bss.rt        0x200015b8        0xc contiki-srf06-cc26xx.a(contikimac.o)
 .bss.start.6978
                0x200015c4        0x4 contiki-srf06-cc26xx.a(contikimac.o)
 .bss.ct.7053   0x200015c8       0x20 contiki-srf06-cc26xx.a(contikimac.o)
 .bss.pt        0x200015e8        0x2 contiki-srf06-cc26xx.a(contikimac.o)
 *fill*         0x200015ea        0x2 
 .bss.buffer    0x200015ec       0x20 contiki-srf06-cc26xx.a(sensor-common.o)
 .bss.last_radio_op
                0x2000160c        0x4 contiki-srf06-cc26xx.a(rf-core.o)
 .bss.primary_mode
                0x20001610        0x4 contiki-srf06-cc26xx.a(rf-core.o)
 .bss.announcements_list
                0x20001614        0x4 contiki-srf06-cc26xx.a(announcement.o)
 .bss.observer_callback
                0x20001618        0x4 contiki-srf06-cc26xx.a(announcement.o)
 .bss.c         0x2000161c       0x6c contiki-srf06-cc26xx.a(broadcast-annou)
 .bss.received_seqnos
                0x20001688       0x40 contiki-srf06-cc26xx.a(mac-sequence.o)
 .bss.counter   0x200016c8        0x2 SKT-Current-brodcast-demo.co
 .bss.val       0x200016ca        0x2 contiki-srf06-cc26xx.a(tmp-007-sensor.)
 .bss.raw_temp  0x200016cc        0x2 contiki-srf06-cc26xx.a(hdc-1000-sensor)
 .bss.raw_hum   0x200016ce        0x2 contiki-srf06-cc26xx.a(hdc-1000-sensor)
 .bss.buflen    0x200016d0        0x2 contiki-srf06-cc26xx.a(packetbuf.o)
 .bss.bufptr    0x200016d2        0x2 contiki-srf06-cc26xx.a(packetbuf.o)
 .bss.seqno.6234
                0x200016d4        0x2 contiki-srf06-cc26xx.a(csma.o)
 .bss.num_sensors
                0x200016d6        0x1 contiki-srf06-cc26xx.a(sensors.o)
 .bss.leds      0x200016d7        0x1 contiki-srf06-cc26xx.a(leds.o)
 .bss.c         0x200016d8        0x1 contiki-srf06-cc26xx.a(leds-arch.o)
 .bss.success   0x200016d9        0x1 contiki-srf06-cc26xx.a(hdc-1000-sensor)
 .bss.interrupt_status
                0x200016da        0x1 contiki-srf06-cc26xx.a(mpu-9250-sensor)
 .bss.acc_range_reg
                0x200016db        0x1 contiki-srf06-cc26xx.a(mpu-9250-sensor)
 .bss.mpu_config
                0x200016dc        0x1 contiki-srf06-cc26xx.a(mpu-9250-sensor)
 .bss.acc_range
                0x200016dd        0x1 contiki-srf06-cc26xx.a(mpu-9250-sensor)
 .bss.val       0x200016de        0x1 contiki-srf06-cc26xx.a(mpu-9250-sensor)
 .bss.slave_addr
                0x200016df        0x1 contiki-srf06-cc26xx.a(board-i2c.o)
 .bss.fevent    0x200016e0        0x1 contiki-srf06-cc26xx.a(process.o)
 .bss.ev.5174   0x200016e1        0x1 contiki-srf06-cc26xx.a(process.o)
 .bss.nevents   0x200016e2        0x1 contiki-srf06-cc26xx.a(process.o)
 .bss.snum.5192
                0x200016e3        0x1 contiki-srf06-cc26xx.a(process.o)
 .bss.poll_requested
                0x200016e4        0x1 contiki-srf06-cc26xx.a(process.o)
 .bss.lastevent
                0x200016e5        0x1 contiki-srf06-cc26xx.a(process.o)
 .bss.initialized
                0x200016e6        0x1 contiki-srf06-cc26xx.a(ctimer.o)
 .bss.hdrptr    0x200016e7        0x1 contiki-srf06-cc26xx.a(packetbuf.o)
 .bss.initialized.6233
                0x200016e8        0x1 contiki-srf06-cc26xx.a(csma.o)
 .bss.silence_periods.6979
                0x200016e9        0x1 contiki-srf06-cc26xx.a(contikimac.o)
 .bss.radio_is_on
                0x200016ea        0x1 contiki-srf06-cc26xx.a(contikimac.o)
 .bss.we_are_sending
                0x200016eb        0x1 contiki-srf06-cc26xx.a(contikimac.o)
 .bss.contikimac_keep_radio_on
                0x200016ec        0x1 contiki-srf06-cc26xx.a(contikimac.o)
 .bss.contikimac_is_on
                0x200016ed        0x1 contiki-srf06-cc26xx.a(contikimac.o)
 .bss.packet_seen.6972
                0x200016ee        0x1 contiki-srf06-cc26xx.a(contikimac.o)
 .bss.count.6973
                0x200016ef        0x1 contiki-srf06-cc26xx.a(contikimac.o)
 .bss.periods.6980
                0x200016f0        0x1 contiki-srf06-cc26xx.a(contikimac.o)
 .bss.ble_mode_on
                0x200016f1        0x1 contiki-srf06-cc26xx.a(rf-ble.o)
 .bss.mac_dsn   0x200016f2        0x1 contiki-srf06-cc26xx.a(framer-802154.o)
 .bss.initialized
                0x200016f3        0x1 contiki-srf06-cc26xx.a(framer-802154.o)
 *(SORT(COMMON))
 COMMON         0x200016f4        0x9 contiki-srf06-cc26xx.a(sensortag-senso)
                0x200016f4                sensors_flags
 *fill*         0x200016fd        0x3 
 COMMON         0x20001700        0x4 contiki-srf06-cc26xx.a(mpu-9250-sensor)
                0x20001700                t0
 COMMON         0x20001704        0x2 contiki-srf06-cc26xx.a(linkaddr.o)
                0x20001704                linkaddr_node_addr
 *fill*         0x20001706        0x2 
 COMMON         0x20001708       0x3c contiki-srf06-cc26xx.a(packetbuf.o)
                0x20001708                packetbuf_addrs
                0x20001710                packetbuf_attrs
 COMMON         0x20001744        0x1 contiki-srf06-cc26xx.a(sensors.o)
                0x20001744                sensors_event
 COMMON         0x20001745        0x1 contiki-srf06-cc26xx.a(serial-line.o)
                0x20001745                serial_line_event_message
                0x20001746                _ebss = .

.ccfg           0x0001ffa8       0x58
 *(SORT(.ccfg))
 .ccfg          0x0001ffa8       0x58 obj_srf06-cc26xx/ccfg.o
                0x0001ffa8                __ccfg

.rel.dyn        0x00020000        0x0
 .rel.iplt      0x00000000        0x0 obj_srf06-cc26xx/startup_gcc.o

._user_heap_stack
                0x20001746      0x102
                0x20001748                . = ALIGN (0x4)
 *fill*         0x20001746        0x2 
                0x20001748                . = (. + _Min_Heap_Size)
                0x20001848                . = (. + _Min_Stack_Size)
 *fill*         0x20001748      0x100 
                0x20001848                . = ALIGN (0x4)

.gpram
OUTPUT(SKT-Current-brodcast-demo.elf elf32-littlearm)

.comment        0x00000000       0x70
 .comment       0x00000000       0x70 obj_srf06-cc26xx/fault-handlers.o
                                 0x71 (size before relaxing)
 .comment       0x00000000       0x71 obj_srf06-cc26xx/ccfg.o
 .comment       0x00000000       0x71 obj_srf06-cc26xx/startup_gcc.o
 .comment       0x00000000       0x71 SKT-Current-brodcast-demo.co
 .comment       0x00000000       0x71 obj_srf06-cc26xx/gpiorelay.o
 .comment       0x00000000       0x71 contiki-srf06-cc26xx.a(contiki-main.o)
 .comment       0x00000000       0x71 contiki-srf06-cc26xx.a(sensors.o)
 .comment       0x00000000       0x71 contiki-srf06-cc26xx.a(leds.o)
 .comment       0x00000000       0x71 contiki-srf06-cc26xx.a(leds-arch.o)
 .comment       0x00000000       0x71 contiki-srf06-cc26xx.a(sensortag-senso)
 .comment       0x00000000       0x71 contiki-srf06-cc26xx.a(bmp-280-sensor.)
 .comment       0x00000000       0x71 contiki-srf06-cc26xx.a(tmp-007-sensor.)
 .comment       0x00000000       0x71 contiki-srf06-cc26xx.a(opt-3001-sensor)
 .comment       0x00000000       0x71 contiki-srf06-cc26xx.a(hdc-1000-sensor)
 .comment       0x00000000       0x71 contiki-srf06-cc26xx.a(mpu-9250-sensor)
 .comment       0x00000000       0x71 contiki-srf06-cc26xx.a(button-sensor.o)
 .comment       0x00000000       0x71 contiki-srf06-cc26xx.a(reed-relay.o)
 .comment       0x00000000       0x71 contiki-srf06-cc26xx.a(board.o)
 .comment       0x00000000       0x71 contiki-srf06-cc26xx.a(board-i2c.o)
 .comment       0x00000000       0x71 contiki-srf06-cc26xx.a(clock.o)
 .comment       0x00000000       0x71 contiki-srf06-cc26xx.a(rtimer-arch.o)
 .comment       0x00000000       0x71 contiki-srf06-cc26xx.a(soc-rtc.o)
 .comment       0x00000000       0x71 contiki-srf06-cc26xx.a(contiki-watchdo)
 .comment       0x00000000       0x71 contiki-srf06-cc26xx.a(putchar.o)
 .comment       0x00000000       0x71 contiki-srf06-cc26xx.a(ieee-addr.o)
 .comment       0x00000000       0x71 contiki-srf06-cc26xx.a(cc26xx-uart.o)
 .comment       0x00000000       0x71 contiki-srf06-cc26xx.a(lpm.o)
 .comment       0x00000000       0x71 contiki-srf06-cc26xx.a(gpio-interrupt.)
 .comment       0x00000000       0x71 contiki-srf06-cc26xx.a(oscillators.o)
 .comment       0x00000000       0x71 contiki-srf06-cc26xx.a(ieee-mode.o)
 .comment       0x00000000       0x71 contiki-srf06-cc26xx.a(dbg-printf.o)
 .comment       0x00000000       0x71 contiki-srf06-cc26xx.a(strformat.o)
 .comment       0x00000000       0x71 contiki-srf06-cc26xx.a(timer.o)
 .comment       0x00000000       0x71 contiki-srf06-cc26xx.a(rtimer.o)
 .comment       0x00000000       0x71 contiki-srf06-cc26xx.a(process.o)
 .comment       0x00000000       0x71 contiki-srf06-cc26xx.a(etimer.o)
 .comment       0x00000000       0x71 contiki-srf06-cc26xx.a(ctimer.o)
 .comment       0x00000000       0x71 contiki-srf06-cc26xx.a(energest.o)
 .comment       0x00000000       0x71 contiki-srf06-cc26xx.a(autostart.o)
 .comment       0x00000000       0x71 contiki-srf06-cc26xx.a(serial-line.o)
 .comment       0x00000000       0x71 contiki-srf06-cc26xx.a(ringbuf.o)
 .comment       0x00000000       0x71 contiki-srf06-cc26xx.a(random.o)
 .comment       0x00000000       0x71 contiki-srf06-cc26xx.a(list.o)
 .comment       0x00000000       0x71 contiki-srf06-cc26xx.a(broadcast.o)
 .comment       0x00000000       0x71 contiki-srf06-cc26xx.a(channel.o)
 .comment       0x00000000       0x71 contiki-srf06-cc26xx.a(abc.o)
 .comment       0x00000000       0x71 contiki-srf06-cc26xx.a(rime.o)
 .comment       0x00000000       0x71 contiki-srf06-cc26xx.a(osc.o)
 .comment       0x00000000       0x71 contiki-srf06-cc26xx.a(aon_rtc.o)
 .comment       0x00000000       0x71 contiki-srf06-cc26xx.a(aon_batmon.o)
 .comment       0x00000000       0x71 contiki-srf06-cc26xx.a(pwr_ctrl.o)
 .comment       0x00000000       0x71 contiki-srf06-cc26xx.a(cpu.o)
 .comment       0x00000000       0x71 contiki-srf06-cc26xx.a(sys_ctrl.o)
 .comment       0x00000000       0x71 contiki-srf06-cc26xx.a(ddi.o)
 .comment       0x00000000       0x71 contiki-srf06-cc26xx.a(aux_adc.o)
 .comment       0x00000000       0x71 contiki-srf06-cc26xx.a(adi.o)
 .comment       0x00000000       0x71 contiki-srf06-cc26xx.a(setup.o)
 .comment       0x00000000       0x71 contiki-srf06-cc26xx.a(linkaddr.o)
 .comment       0x00000000       0x71 contiki-srf06-cc26xx.a(netstack.o)
 .comment       0x00000000       0x71 contiki-srf06-cc26xx.a(packetbuf.o)
 .comment       0x00000000       0x71 contiki-srf06-cc26xx.a(queuebuf.o)
 .comment       0x00000000       0x71 contiki-srf06-cc26xx.a(csma.o)
 .comment       0x00000000       0x71 contiki-srf06-cc26xx.a(contikimac.o)
 .comment       0x00000000       0x71 contiki-srf06-cc26xx.a(nullsec.o)
 .comment       0x00000000       0x71 contiki-srf06-cc26xx.a(sensor-common.o)
 .comment       0x00000000       0x71 contiki-srf06-cc26xx.a(ext-flash.o)
 .comment       0x00000000       0x71 contiki-srf06-cc26xx.a(board-spi.o)
 .comment       0x00000000       0x71 contiki-srf06-cc26xx.a(rf-core.o)
 .comment       0x00000000       0x71 contiki-srf06-cc26xx.a(rf-ble.o)
 .comment       0x00000000       0x71 contiki-srf06-cc26xx.a(memb.o)
 .comment       0x00000000       0x71 contiki-srf06-cc26xx.a(announcement.o)
 .comment       0x00000000       0x71 contiki-srf06-cc26xx.a(chameleon.o)
 .comment       0x00000000       0x71 contiki-srf06-cc26xx.a(broadcast-annou)
 .comment       0x00000000       0x71 contiki-srf06-cc26xx.a(chameleon-bitop)
 .comment       0x00000000       0x71 contiki-srf06-cc26xx.a(chipinfo.o)
 .comment       0x00000000       0x71 contiki-srf06-cc26xx.a(mac.o)
 .comment       0x00000000       0x71 contiki-srf06-cc26xx.a(framer-802154.o)
 .comment       0x00000000       0x71 contiki-srf06-cc26xx.a(mac-sequence.o)
 .comment       0x00000000       0x71 contiki-srf06-cc26xx.a(frame802154.o)

.ARM.attributes
                0x00000000       0x31
 .ARM.attributes
                0x00000000       0x33 obj_srf06-cc26xx/fault-handlers.o
 .ARM.attributes
                0x00000033       0x33 obj_srf06-cc26xx/ccfg.o
 .ARM.attributes
                0x00000066       0x33 obj_srf06-cc26xx/startup_gcc.o
 .ARM.attributes
                0x00000099       0x33 SKT-Current-brodcast-demo.co
 .ARM.attributes
                0x000000cc       0x33 obj_srf06-cc26xx/gpiorelay.o
 .ARM.attributes
                0x000000ff       0x33 contiki-srf06-cc26xx.a(contiki-main.o)
 .ARM.attributes
                0x00000132       0x33 contiki-srf06-cc26xx.a(sensors.o)
 .ARM.attributes
                0x00000165       0x33 contiki-srf06-cc26xx.a(leds.o)
 .ARM.attributes
                0x00000198       0x33 contiki-srf06-cc26xx.a(leds-arch.o)
 .ARM.attributes
                0x000001cb       0x33 contiki-srf06-cc26xx.a(sensortag-senso)
 .ARM.attributes
                0x000001fe       0x33 contiki-srf06-cc26xx.a(bmp-280-sensor.)
 .ARM.attributes
                0x00000231       0x33 contiki-srf06-cc26xx.a(tmp-007-sensor.)
 .ARM.attributes
                0x00000264       0x33 contiki-srf06-cc26xx.a(opt-3001-sensor)
 .ARM.attributes
                0x00000297       0x33 contiki-srf06-cc26xx.a(hdc-1000-sensor)
 .ARM.attributes
                0x000002ca       0x33 contiki-srf06-cc26xx.a(mpu-9250-sensor)
 .ARM.attributes
                0x000002fd       0x33 contiki-srf06-cc26xx.a(button-sensor.o)
 .ARM.attributes
                0x00000330       0x33 contiki-srf06-cc26xx.a(reed-relay.o)
 .ARM.attributes
                0x00000363       0x33 contiki-srf06-cc26xx.a(board.o)
 .ARM.attributes
                0x00000396       0x33 contiki-srf06-cc26xx.a(board-i2c.o)
 .ARM.attributes
                0x000003c9       0x33 contiki-srf06-cc26xx.a(clock.o)
 .ARM.attributes
                0x000003fc       0x33 contiki-srf06-cc26xx.a(rtimer-arch.o)
 .ARM.attributes
                0x0000042f       0x33 contiki-srf06-cc26xx.a(soc-rtc.o)
 .ARM.attributes
                0x00000462       0x33 contiki-srf06-cc26xx.a(contiki-watchdo)
 .ARM.attributes
                0x00000495       0x33 contiki-srf06-cc26xx.a(putchar.o)
 .ARM.attributes
                0x000004c8       0x33 contiki-srf06-cc26xx.a(ieee-addr.o)
 .ARM.attributes
                0x000004fb       0x33 contiki-srf06-cc26xx.a(cc26xx-uart.o)
 .ARM.attributes
                0x0000052e       0x33 contiki-srf06-cc26xx.a(lpm.o)
 .ARM.attributes
                0x00000561       0x33 contiki-srf06-cc26xx.a(gpio-interrupt.)
 .ARM.attributes
                0x00000594       0x33 contiki-srf06-cc26xx.a(oscillators.o)
 .ARM.attributes
                0x000005c7       0x33 contiki-srf06-cc26xx.a(ieee-mode.o)
 .ARM.attributes
                0x000005fa       0x33 contiki-srf06-cc26xx.a(dbg-printf.o)
 .ARM.attributes
                0x0000062d       0x33 contiki-srf06-cc26xx.a(strformat.o)
 .ARM.attributes
                0x00000660       0x33 contiki-srf06-cc26xx.a(timer.o)
 .ARM.attributes
                0x00000693       0x33 contiki-srf06-cc26xx.a(rtimer.o)
 .ARM.attributes
                0x000006c6       0x33 contiki-srf06-cc26xx.a(process.o)
 .ARM.attributes
                0x000006f9       0x33 contiki-srf06-cc26xx.a(etimer.o)
 .ARM.attributes
                0x0000072c       0x33 contiki-srf06-cc26xx.a(ctimer.o)
 .ARM.attributes
                0x0000075f       0x33 contiki-srf06-cc26xx.a(energest.o)
 .ARM.attributes
                0x00000792       0x33 contiki-srf06-cc26xx.a(autostart.o)
 .ARM.attributes
                0x000007c5       0x33 contiki-srf06-cc26xx.a(serial-line.o)
 .ARM.attributes
                0x000007f8       0x33 contiki-srf06-cc26xx.a(ringbuf.o)
 .ARM.attributes
                0x0000082b       0x33 contiki-srf06-cc26xx.a(random.o)
 .ARM.attributes
                0x0000085e       0x33 contiki-srf06-cc26xx.a(list.o)
 .ARM.attributes